Archive member included to satisfy reference by file (symbol)

c:/progra~1/stmicr~1/stm32c~1/gcc-ar~1.10/bin/../lib/gcc/arm-none-eabi/10.3.1/thumb/v7-m/nofp\libgcc.a(_arm_addsubdf3.o)
                              CMakeFiles/Move-dev.elf.dir/Core/BSP/42-dev/Emm_V5.c.obj (__aeabi_i2d)
c:/progra~1/stmicr~1/stm32c~1/gcc-ar~1.10/bin/../lib/gcc/arm-none-eabi/10.3.1/thumb/v7-m/nofp\libgcc.a(_arm_muldivdf3.o)
                              CMakeFiles/Move-dev.elf.dir/Core/BSP/42-dev/Emm_V5.c.obj (__aeabi_ddiv)
c:/progra~1/stmicr~1/stm32c~1/gcc-ar~1.10/bin/../lib/gcc/arm-none-eabi/10.3.1/thumb/v7-m/nofp\libgcc.a(_arm_fixdfsi.o)
                              CMakeFiles/Move-dev.elf.dir/Core/BSP/42-dev/Emm_V5.c.obj (__aeabi_d2iz)
c:/progra~1/stmicr~1/stm32c~1/gcc-ar~1.10/bin/../lib/gcc/arm-none-eabi/10.3.1/../../../../arm-none-eabi/lib/thumb/v7-m/nofp\libg.a(lib_a-errno.o)
                              CMakeFiles/Move-dev.elf.dir/Core/Src/syscalls.c.obj (__errno)
c:/progra~1/stmicr~1/stm32c~1/gcc-ar~1.10/bin/../lib/gcc/arm-none-eabi/10.3.1/../../../../arm-none-eabi/lib/thumb/v7-m/nofp\libg.a(lib_a-exit.o)
                              c:/progra~1/stmicr~1/stm32c~1/gcc-ar~1.10/bin/../lib/gcc/arm-none-eabi/10.3.1/../../../../arm-none-eabi/lib/thumb/v7-m/nofp/crt0.o (exit)
c:/progra~1/stmicr~1/stm32c~1/gcc-ar~1.10/bin/../lib/gcc/arm-none-eabi/10.3.1/../../../../arm-none-eabi/lib/thumb/v7-m/nofp\libg.a(lib_a-impure.o)
                              c:/progra~1/stmicr~1/stm32c~1/gcc-ar~1.10/bin/../lib/gcc/arm-none-eabi/10.3.1/../../../../arm-none-eabi/lib/thumb/v7-m/nofp\libg.a(lib_a-exit.o) (_global_impure_ptr)
c:/progra~1/stmicr~1/stm32c~1/gcc-ar~1.10/bin/../lib/gcc/arm-none-eabi/10.3.1/../../../../arm-none-eabi/lib/thumb/v7-m/nofp\libg.a(lib_a-init.o)
                              c:/progra~1/stmicr~1/stm32c~1/gcc-ar~1.10/bin/../lib/gcc/arm-none-eabi/10.3.1/../../../../arm-none-eabi/lib/thumb/v7-m/nofp/crt0.o (__libc_init_array)
c:/progra~1/stmicr~1/stm32c~1/gcc-ar~1.10/bin/../lib/gcc/arm-none-eabi/10.3.1/../../../../arm-none-eabi/lib/thumb/v7-m/nofp\libg.a(lib_a-memcpy.o)
                              CMakeFiles/Move-dev.elf.dir/Middlewares/Third_Party/FreeRTOS/Source/queue.c.obj (memcpy)
c:/progra~1/stmicr~1/stm32c~1/gcc-ar~1.10/bin/../lib/gcc/arm-none-eabi/10.3.1/../../../../arm-none-eabi/lib/thumb/v7-m/nofp\libg.a(lib_a-memset.o)
                              c:/progra~1/stmicr~1/stm32c~1/gcc-ar~1.10/bin/../lib/gcc/arm-none-eabi/10.3.1/../../../../arm-none-eabi/lib/thumb/v7-m/nofp/crt0.o (memset)
c:/progra~1/stmicr~1/stm32c~1/gcc-ar~1.10/bin/../lib/gcc/arm-none-eabi/10.3.1/../../../../arm-none-eabi/lib/thumb/v7-m/nofp\libg.a(lib_a-__call_atexit.o)
                              c:/progra~1/stmicr~1/stm32c~1/gcc-ar~1.10/bin/../lib/gcc/arm-none-eabi/10.3.1/../../../../arm-none-eabi/lib/thumb/v7-m/nofp\libg.a(lib_a-exit.o) (__call_exitprocs)
c:/progra~1/stmicr~1/stm32c~1/gcc-ar~1.10/bin/../lib/gcc/arm-none-eabi/10.3.1/../../../../arm-none-eabi/lib/thumb/v7-m/nofp\libg.a(lib_a-atexit.o)
                              c:/progra~1/stmicr~1/stm32c~1/gcc-ar~1.10/bin/../lib/gcc/arm-none-eabi/10.3.1/../../../../arm-none-eabi/lib/thumb/v7-m/nofp\libg.a(lib_a-__call_atexit.o) (atexit)
c:/progra~1/stmicr~1/stm32c~1/gcc-ar~1.10/bin/../lib/gcc/arm-none-eabi/10.3.1/../../../../arm-none-eabi/lib/thumb/v7-m/nofp\libg.a(lib_a-fini.o)
                              c:/progra~1/stmicr~1/stm32c~1/gcc-ar~1.10/bin/../lib/gcc/arm-none-eabi/10.3.1/../../../../arm-none-eabi/lib/thumb/v7-m/nofp\libg.a(lib_a-__call_atexit.o) (__libc_fini_array)
c:/progra~1/stmicr~1/stm32c~1/gcc-ar~1.10/bin/../lib/gcc/arm-none-eabi/10.3.1/../../../../arm-none-eabi/lib/thumb/v7-m/nofp\libg.a(lib_a-lock.o)
                              c:/progra~1/stmicr~1/stm32c~1/gcc-ar~1.10/bin/../lib/gcc/arm-none-eabi/10.3.1/../../../../arm-none-eabi/lib/thumb/v7-m/nofp\libg.a(lib_a-__call_atexit.o) (__retarget_lock_acquire_recursive)
c:/progra~1/stmicr~1/stm32c~1/gcc-ar~1.10/bin/../lib/gcc/arm-none-eabi/10.3.1/../../../../arm-none-eabi/lib/thumb/v7-m/nofp\libg.a(lib_a-__atexit.o)
                              c:/progra~1/stmicr~1/stm32c~1/gcc-ar~1.10/bin/../lib/gcc/arm-none-eabi/10.3.1/../../../../arm-none-eabi/lib/thumb/v7-m/nofp\libg.a(lib_a-atexit.o) (__register_exitproc)

Discarded input sections

 .text          0x00000000        0x0 c:/progra~1/stmicr~1/stm32c~1/gcc-ar~1.10/bin/../lib/gcc/arm-none-eabi/10.3.1/thumb/v7-m/nofp/crti.o
 .data          0x00000000        0x0 c:/progra~1/stmicr~1/stm32c~1/gcc-ar~1.10/bin/../lib/gcc/arm-none-eabi/10.3.1/thumb/v7-m/nofp/crti.o
 .bss           0x00000000        0x0 c:/progra~1/stmicr~1/stm32c~1/gcc-ar~1.10/bin/../lib/gcc/arm-none-eabi/10.3.1/thumb/v7-m/nofp/crti.o
 .data          0x00000000        0x4 c:/progra~1/stmicr~1/stm32c~1/gcc-ar~1.10/bin/../lib/gcc/arm-none-eabi/10.3.1/thumb/v7-m/nofp/crtbegin.o
[...]
Memory Configuration

Name             Origin             Length             Attributes
RAM              0x20000000         0x00005000         xrw
FLASH            0x08000000         0x00010000         xr
*default*        0x00000000         0xffffffff

Linker script and memory map

LOAD c:/progra~1/stmicr~1/stm32c~1/gcc-ar~1.10/bin/../lib/gcc/arm-none-eabi/10.3.1/thumb/v7-m/nofp/crti.o
LOAD c:/progra~1/stmicr~1/stm32c~1/gcc-ar~1.10/bin/../lib/gcc/arm-none-eabi/10.3.1/thumb/v7-m/nofp/crtbegin.o
LOAD c:/progra~1/stmicr~1/stm32c~1/gcc-ar~1.10/bin/../lib/gcc/arm-none-eabi/10.3.1/../../../../arm-none-eabi/lib/thumb/v7-m/nofp/crt0.o
LOAD CMakeFiles/Move-dev.elf.dir/Core/BSP/42-dev/Emm_V5.c.obj
LOAD CMakeFiles/Move-dev.elf.dir/Core/BSP/Control/control.c.obj
LOAD CMakeFiles/Move-dev.elf.dir/Core/BSP/DWT/dwt.c.obj
LOAD CMakeFiles/Move-dev.elf.dir/Core/Src/freertos.c.obj
LOAD CMakeFiles/Move-dev.elf.dir/Core/Src/gpio.c.obj
LOAD CMakeFiles/Move-dev.elf.dir/Core/Src/main.c.obj
LOAD CMakeFiles/Move-dev.elf.dir/Core/Src/stm32f1xx_hal_msp.c.obj
LOAD CMakeFiles/Move-dev.elf.dir/Core/Src/stm32f1xx_hal_timebase_tim.c.obj
LOAD CMakeFiles/Move-dev.elf.dir/Core/Src/stm32f1xx_it.c.obj
LOAD CMakeFiles/Move-dev.elf.dir/Core/Src/syscalls.c.obj
LOAD CMakeFiles/Move-dev.elf.dir/Core/Src/sysmem.c.obj
LOAD CMakeFiles/Move-dev.elf.dir/Core/Src/system_stm32f1xx.c.obj
LOAD CMakeFiles/Move-dev.elf.dir/Core/Src/tim.c.obj
LOAD CMakeFiles/Move-dev.elf.dir/Core/Startup/startup_stm32f103c8tx.s.obj
LOAD CMakeFiles/Move-dev.elf.dir/Drivers/STM32F1xx_HAL_Driver/Src/stm32f1xx_hal.c.obj
LOAD CMakeFiles/Move-dev.elf.dir/Drivers/STM32F1xx_HAL_Driver/Src/stm32f1xx_hal_cortex.c.obj
LOAD CMakeFiles/Move-dev.elf.dir/Drivers/STM32F1xx_HAL_Driver/Src/stm32f1xx_hal_dma.c.obj
LOAD CMakeFiles/Move-dev.elf.dir/Drivers/STM32F1xx_HAL_Driver/Src/stm32f1xx_hal_exti.c.obj
LOAD CMakeFiles/Move-dev.elf.dir/Drivers/STM32F1xx_HAL_Driver/Src/stm32f1xx_hal_flash.c.obj
LOAD CMakeFiles/Move-dev.elf.dir/Drivers/STM32F1xx_HAL_Driver/Src/stm32f1xx_hal_flash_ex.c.obj
LOAD CMakeFiles/Move-dev.elf.dir/Drivers/STM32F1xx_HAL_Driver/Src/stm32f1xx_hal_gpio.c.obj
LOAD CMakeFiles/Move-dev.elf.dir/Drivers/STM32F1xx_HAL_Driver/Src/stm32f1xx_hal_gpio_ex.c.obj
LOAD CMakeFiles/Move-dev.elf.dir/Drivers/STM32F1xx_HAL_Driver/Src/stm32f1xx_hal_pwr.c.obj
LOAD CMakeFiles/Move-dev.elf.dir/Drivers/STM32F1xx_HAL_Driver/Src/stm32f1xx_hal_rcc.c.obj
LOAD CMakeFiles/Move-dev.elf.dir/Drivers/STM32F1xx_HAL_Driver/Src/stm32f1xx_hal_rcc_ex.c.obj
LOAD CMakeFiles/Move-dev.elf.dir/Drivers/STM32F1xx_HAL_Driver/Src/stm32f1xx_hal_tim.c.obj
LOAD CMakeFiles/Move-dev.elf.dir/Drivers/STM32F1xx_HAL_Driver/Src/stm32f1xx_hal_tim_ex.c.obj
LOAD CMakeFiles/Move-dev.elf.dir/Middlewares/Third_Party/FreeRTOS/Source/CMSIS_RTOS/cmsis_os.c.obj
LOAD CMakeFiles/Move-dev.elf.dir/Middlewares/Third_Party/FreeRTOS/Source/croutine.c.obj
LOAD CMakeFiles/Move-dev.elf.dir/Middlewares/Third_Party/FreeRTOS/Source/event_groups.c.obj
LOAD CMakeFiles/Move-dev.elf.dir/Middlewares/Third_Party/FreeRTOS/Source/list.c.obj
LOAD CMakeFiles/Move-dev.elf.dir/Middlewares/Third_Party/FreeRTOS/Source/portable/GCC/ARM_CM3/port.c.obj
LOAD CMakeFiles/Move-dev.elf.dir/Middlewares/Third_Party/FreeRTOS/Source/portable/MemMang/heap_4.c.obj
LOAD CMakeFiles/Move-dev.elf.dir/Middlewares/Third_Party/FreeRTOS/Source/queue.c.obj
LOAD CMakeFiles/Move-dev.elf.dir/Middlewares/Third_Party/FreeRTOS/Source/stream_buffer.c.obj
LOAD CMakeFiles/Move-dev.elf.dir/Middlewares/Third_Party/FreeRTOS/Source/tasks.c.obj
LOAD CMakeFiles/Move-dev.elf.dir/Middlewares/Third_Party/FreeRTOS/Source/timers.c.obj
START GROUP
LOAD c:/progra~1/stmicr~1/stm32c~1/gcc-ar~1.10/bin/../lib/gcc/arm-none-eabi/10.3.1/thumb/v7-m/nofp\libgcc.a
LOAD c:/progra~1/stmicr~1/stm32c~1/gcc-ar~1.10/bin/../lib/gcc/arm-none-eabi/10.3.1/../../../../arm-none-eabi/lib/thumb/v7-m/nofp\libg.a
LOAD c:/progra~1/stmicr~1/stm32c~1/gcc-ar~1.10/bin/../lib/gcc/arm-none-eabi/10.3.1/../../../../arm-none-eabi/lib/thumb/v7-m/nofp\libc.a
END GROUP
LOAD c:/progra~1/stmicr~1/stm32c~1/gcc-ar~1.10/bin/../lib/gcc/arm-none-eabi/10.3.1/thumb/v7-m/nofp/crtend.o
LOAD c:/progra~1/stmicr~1/stm32c~1/gcc-ar~1.10/bin/../lib/gcc/arm-none-eabi/10.3.1/thumb/v7-m/nofp/crtn.o
                0x20005000                _estack = (ORIGIN (RAM) + LENGTH (RAM))
                0x00000200                _Min_Heap_Size = 0x200
                0x00000400                _Min_Stack_Size = 0x400

.isr_vector     0x08000000      0x10c
                0x08000000                . = ALIGN (0x4)
 *(.isr_vector)
 .isr_vector    0x08000000      0x10c CMakeFiles/Move-dev.elf.dir/Core/Startup/startup_stm32f103c8tx.s.obj
                0x08000000                g_pfnVectors
                0x0800010c                . = ALIGN (0x4)

.text           0x08000110     0x23f4
                0x08000110                . = ALIGN (0x4)
 *(.text)
 .text          0x08000110       0x40 c:/progra~1/stmicr~1/stm32c~1/gcc-ar~1.10/bin/../lib/gcc/arm-none-eabi/10.3.1/thumb/v7-m/nofp/crtbegin.o
 *(.text*)
 .text.Emm_V5Init
                0x08000150        0x8 CMakeFiles/Move-dev.elf.dir/Core/BSP/42-dev/Emm_V5.c.obj
                0x08000150                Emm_V5Init
 .text.Emm_dir_PWM
                0x08000158       0x90 CMakeFiles/Move-dev.elf.dir/Core/BSP/42-dev/Emm_V5.c.obj
                0x08000158                Emm_dir_PWM
 .text.con_init
                0x080001e8        0x2 CMakeFiles/Move-dev.elf.dir/Core/BSP/Control/control.c.obj
                0x080001e8                con_init
 *fill*         0x080001ea        0x2 
 .text.con_motion
                0x080001ec       0xa0 CMakeFiles/Move-dev.elf.dir/Core/BSP/Control/control.c.obj
                0x080001ec                con_motion
 .text.dwt_init
                0x0800028c       0x48 CMakeFiles/Move-dev.elf.dir/Core/BSP/DWT/dwt.c.obj
                0x0800028c                dwt_init
 .text.dwt_delay_us
                0x080002d4       0x48 CMakeFiles/Move-dev.elf.dir/Core/BSP/DWT/dwt.c.obj
                0x080002d4                dwt_delay_us
 .text.dwt_delay_ms
                0x0800031c       0x3c CMakeFiles/Move-dev.elf.dir/Core/BSP/DWT/dwt.c.obj
                0x0800031c                dwt_delay_ms
 .text.StartDefaultTask
                0x08000358       0x32 CMakeFiles/Move-dev.elf.dir/Core/Src/freertos.c.obj
                0x08000358                StartDefaultTask
 .text.StartRULL_Task
                0x0800038a        0xa CMakeFiles/Move-dev.elf.dir/Core/Src/freertos.c.obj
                0x0800038a                StartRULL_Task
 .text.StartLURL_Task
                0x08000394       0x28 CMakeFiles/Move-dev.elf.dir/Core/Src/freertos.c.obj
                0x08000394                StartLURL_Task
 .text.vApplicationGetIdleTaskMemory
                0x080003bc       0x18 CMakeFiles/Move-dev.elf.dir/Core/Src/freertos.c.obj
                0x080003bc                vApplicationGetIdleTaskMemory
 .text.MX_FREERTOS_Init
                0x080003d4       0x8c CMakeFiles/Move-dev.elf.dir/Core/Src/freertos.c.obj
                0x080003d4                MX_FREERTOS_Init
 .text.MX_GPIO_Init
                0x08000460       0xa0 CMakeFiles/Move-dev.elf.dir/Core/Src/gpio.c.obj
                0x08000460                MX_GPIO_Init
 .text.HAL_TIM_PeriodElapsedCallback
                0x08000500       0x18 CMakeFiles/Move-dev.elf.dir/Core/Src/main.c.obj
                0x08000500                HAL_TIM_PeriodElapsedCallback
 .text.Error_Handler
                0x08000518        0x4 CMakeFiles/Move-dev.elf.dir/Core/Src/main.c.obj
                0x08000518                Error_Handler
 .text.SystemClock_Config
                0x0800051c       0x64 CMakeFiles/Move-dev.elf.dir/Core/Src/main.c.obj
                0x0800051c                SystemClock_Config
 .text.main     0x08000580       0x1c CMakeFiles/Move-dev.elf.dir/Core/Src/main.c.obj
                0x08000580                main
 .text.HAL_MspInit
                0x0800059c       0x54 CMakeFiles/Move-dev.elf.dir/Core/Src/stm32f1xx_hal_msp.c.obj
                0x0800059c                HAL_MspInit
 .text.HAL_InitTick
                0x080005f0       0x94 CMakeFiles/Move-dev.elf.dir/Core/Src/stm32f1xx_hal_timebase_tim.c.obj
                0x080005f0                HAL_InitTick
 .text.NMI_Handler
                0x08000684        0x2 CMakeFiles/Move-dev.elf.dir/Core/Src/stm32f1xx_it.c.obj
                0x08000684                NMI_Handler
 .text.HardFault_Handler
                0x08000686        0x2 CMakeFiles/Move-dev.elf.dir/Core/Src/stm32f1xx_it.c.obj
                0x08000686                HardFault_Handler
 .text.MemManage_Handler
                0x08000688        0x2 CMakeFiles/Move-dev.elf.dir/Core/Src/stm32f1xx_it.c.obj
                0x08000688                MemManage_Handler
 .text.BusFault_Handler
                0x0800068a        0x2 CMakeFiles/Move-dev.elf.dir/Core/Src/stm32f1xx_it.c.obj
                0x0800068a                BusFault_Handler
 .text.UsageFault_Handler
                0x0800068c        0x2 CMakeFiles/Move-dev.elf.dir/Core/Src/stm32f1xx_it.c.obj
                0x0800068c                UsageFault_Handler
 .text.DebugMon_Handler
                0x0800068e        0x2 CMakeFiles/Move-dev.elf.dir/Core/Src/stm32f1xx_it.c.obj
                0x0800068e                DebugMon_Handler
 .text.TIM1_UP_IRQHandler
                0x08000690       0x10 CMakeFiles/Move-dev.elf.dir/Core/Src/stm32f1xx_it.c.obj
                0x08000690                TIM1_UP_IRQHandler
 .text.TIM3_IRQHandler
                0x080006a0       0x10 CMakeFiles/Move-dev.elf.dir/Core/Src/stm32f1xx_it.c.obj
                0x080006a0                TIM3_IRQHandler
 .text.SystemInit
                0x080006b0        0x2 CMakeFiles/Move-dev.elf.dir/Core/Src/system_stm32f1xx.c.obj
                0x080006b0                SystemInit
 *fill*         0x080006b2        0x2 
 .text.MX_TIM3_Init
                0x080006b4       0x70 CMakeFiles/Move-dev.elf.dir/Core/Src/tim.c.obj
                0x080006b4                MX_TIM3_Init
 .text.HAL_TIM_Base_MspInit
                0x08000724       0x40 CMakeFiles/Move-dev.elf.dir/Core/Src/tim.c.obj
                0x08000724                HAL_TIM_Base_MspInit
 .text.Reset_Handler
                0x08000764       0x48 CMakeFiles/Move-dev.elf.dir/Core/Startup/startup_stm32f103c8tx.s.obj
                0x08000764                Reset_Handler
 .text.Default_Handler
                0x080007ac        0x2 CMakeFiles/Move-dev.elf.dir/Core/Startup/startup_stm32f103c8tx.s.obj
                0x080007ac                RTC_Alarm_IRQHandler
                0x080007ac                EXTI2_IRQHandler
                0x080007ac                TIM1_CC_IRQHandler
                0x080007ac                PVD_IRQHandler
                0x080007ac                EXTI3_IRQHandler
                0x080007ac                EXTI0_IRQHandler
                0x080007ac                I2C2_EV_IRQHandler
                0x080007ac                ADC1_2_IRQHandler
                0x080007ac                SPI1_IRQHandler
                0x080007ac                TAMPER_IRQHandler
                0x080007ac                DMA1_Channel4_IRQHandler
                0x080007ac                USART3_IRQHandler
                0x080007ac                RTC_IRQHandler
                0x080007ac                DMA1_Channel7_IRQHandler
                0x080007ac                CAN1_RX1_IRQHandler
                0x080007ac                TIM4_IRQHandler
                0x080007ac                I2C1_EV_IRQHandler
                0x080007ac                DMA1_Channel6_IRQHandler
                0x080007ac                RCC_IRQHandler
                0x080007ac                TIM1_TRG_COM_IRQHandler
                0x080007ac                DMA1_Channel1_IRQHandler
                0x080007ac                Default_Handler
                0x080007ac                EXTI15_10_IRQHandler
                0x080007ac                EXTI9_5_IRQHandler
                0x080007ac                SPI2_IRQHandler
                0x080007ac                DMA1_Channel5_IRQHandler
                0x080007ac                EXTI4_IRQHandler
                0x080007ac                USB_LP_CAN1_RX0_IRQHandler
                0x080007ac                USB_HP_CAN1_TX_IRQHandler
                0x080007ac                DMA1_Channel3_IRQHandler
                0x080007ac                WWDG_IRQHandler
                0x080007ac                TIM2_IRQHandler
                0x080007ac                TIM1_BRK_IRQHandler
                0x080007ac                EXTI1_IRQHandler
                0x080007ac                USART2_IRQHandler
                0x080007ac                I2C2_ER_IRQHandler
                0x080007ac                DMA1_Channel2_IRQHandler
                0x080007ac                CAN1_SCE_IRQHandler
                0x080007ac                FLASH_IRQHandler
                0x080007ac                USART1_IRQHandler
                0x080007ac                I2C1_ER_IRQHandler
                0x080007ac                USBWakeUp_IRQHandler
 *fill*         0x080007ae        0x2 
 .text.HAL_Init
                0x080007b0       0x24 CMakeFiles/Move-dev.elf.dir/Drivers/STM32F1xx_HAL_Driver/Src/stm32f1xx_hal.c.obj
                0x080007b0                HAL_Init
 .text.HAL_IncTick
                0x080007d4       0x18 CMakeFiles/Move-dev.elf.dir/Drivers/STM32F1xx_HAL_Driver/Src/stm32f1xx_hal.c.obj
                0x080007d4                HAL_IncTick
 .text.HAL_GetTick
                0x080007ec        0xc CMakeFiles/Move-dev.elf.dir/Drivers/STM32F1xx_HAL_Driver/Src/stm32f1xx_hal.c.obj
                0x080007ec                HAL_GetTick
 .text.HAL_NVIC_SetPriorityGrouping
                0x080007f8       0x24 CMakeFiles/Move-dev.elf.dir/Drivers/STM32F1xx_HAL_Driver/Src/stm32f1xx_hal_cortex.c.obj
                0x080007f8                HAL_NVIC_SetPriorityGrouping
 .text.HAL_NVIC_SetPriority
                0x0800081c       0x70 CMakeFiles/Move-dev.elf.dir/Drivers/STM32F1xx_HAL_Driver/Src/stm32f1xx_hal_cortex.c.obj
                0x0800081c                HAL_NVIC_SetPriority
 .text.HAL_NVIC_EnableIRQ
                0x0800088c       0x1c CMakeFiles/Move-dev.elf.dir/Drivers/STM32F1xx_HAL_Driver/Src/stm32f1xx_hal_cortex.c.obj
                0x0800088c                HAL_NVIC_EnableIRQ
 .text.HAL_GPIO_Init
                0x080008a8      0x224 CMakeFiles/Move-dev.elf.dir/Drivers/STM32F1xx_HAL_Driver/Src/stm32f1xx_hal_gpio.c.obj
                0x080008a8                HAL_GPIO_Init
 .text.HAL_GPIO_WritePin
                0x08000acc        0xc CMakeFiles/Move-dev.elf.dir/Drivers/STM32F1xx_HAL_Driver/Src/stm32f1xx_hal_gpio.c.obj
                0x08000acc                HAL_GPIO_WritePin
 .text.RCC_Delay
                0x08000ad8       0x2c CMakeFiles/Move-dev.elf.dir/Drivers/STM32F1xx_HAL_Driver/Src/stm32f1xx_hal_rcc.c.obj
 .text.HAL_RCC_OscConfig
                0x08000b04      0x410 CMakeFiles/Move-dev.elf.dir/Drivers/STM32F1xx_HAL_Driver/Src/stm32f1xx_hal_rcc.c.obj
                0x08000b04                HAL_RCC_OscConfig
 .text.HAL_RCC_GetSysClockFreq
                0x08000f14       0x54 CMakeFiles/Move-dev.elf.dir/Drivers/STM32F1xx_HAL_Driver/Src/stm32f1xx_hal_rcc.c.obj
                0x08000f14                HAL_RCC_GetSysClockFreq
 .text.HAL_RCC_ClockConfig
                0x08000f68      0x16c CMakeFiles/Move-dev.elf.dir/Drivers/STM32F1xx_HAL_Driver/Src/stm32f1xx_hal_rcc.c.obj
                0x08000f68                HAL_RCC_ClockConfig
 .text.HAL_RCC_GetHCLKFreq
                0x080010d4        0xc CMakeFiles/Move-dev.elf.dir/Drivers/STM32F1xx_HAL_Driver/Src/stm32f1xx_hal_rcc.c.obj
                0x080010d4                HAL_RCC_GetHCLKFreq
 .text.HAL_RCC_GetPCLK2Freq
                0x080010e0       0x20 CMakeFiles/Move-dev.elf.dir/Drivers/STM32F1xx_HAL_Driver/Src/stm32f1xx_hal_rcc.c.obj
                0x080010e0                HAL_RCC_GetPCLK2Freq
 .text.HAL_RCC_GetClockConfig
                0x08001100       0x3c CMakeFiles/Move-dev.elf.dir/Drivers/STM32F1xx_HAL_Driver/Src/stm32f1xx_hal_rcc.c.obj
                0x08001100                HAL_RCC_GetClockConfig
 .text.TIM_TI1_ConfigInputStage
                0x0800113c       0x24 CMakeFiles/Move-dev.elf.dir/Drivers/STM32F1xx_HAL_Driver/Src/stm32f1xx_hal_tim.c.obj
 .text.TIM_TI2_ConfigInputStage
                0x08001160       0x26 CMakeFiles/Move-dev.elf.dir/Drivers/STM32F1xx_HAL_Driver/Src/stm32f1xx_hal_tim.c.obj
 .text.TIM_ITRx_SetConfig
                0x08001186       0x10 CMakeFiles/Move-dev.elf.dir/Drivers/STM32F1xx_HAL_Driver/Src/stm32f1xx_hal_tim.c.obj
 *fill*         0x08001196        0x2 
 .text.HAL_TIM_Base_Start_IT
                0x08001198       0x68 CMakeFiles/Move-dev.elf.dir/Drivers/STM32F1xx_HAL_Driver/Src/stm32f1xx_hal_tim.c.obj
                0x08001198                HAL_TIM_Base_Start_IT
 .text.HAL_TIM_OC_DelayElapsedCallback
                0x08001200        0x2 CMakeFiles/Move-dev.elf.dir/Drivers/STM32F1xx_HAL_Driver/Src/stm32f1xx_hal_tim.c.obj
                0x08001200                HAL_TIM_OC_DelayElapsedCallback
 .text.HAL_TIM_IC_CaptureCallback
                0x08001202        0x2 CMakeFiles/Move-dev.elf.dir/Drivers/STM32F1xx_HAL_Driver/Src/stm32f1xx_hal_tim.c.obj
                0x08001202                HAL_TIM_IC_CaptureCallback
 .text.HAL_TIM_PWM_PulseFinishedCallback
                0x08001204        0x2 CMakeFiles/Move-dev.elf.dir/Drivers/STM32F1xx_HAL_Driver/Src/stm32f1xx_hal_tim.c.obj
                0x08001204                HAL_TIM_PWM_PulseFinishedCallback
 .text.HAL_TIM_TriggerCallback
                0x08001206        0x2 CMakeFiles/Move-dev.elf.dir/Drivers/STM32F1xx_HAL_Driver/Src/stm32f1xx_hal_tim.c.obj
                0x08001206                HAL_TIM_TriggerCallback
 .text.HAL_TIM_IRQHandler
                0x08001208      0x15e CMakeFiles/Move-dev.elf.dir/Drivers/STM32F1xx_HAL_Driver/Src/stm32f1xx_hal_tim.c.obj
                0x08001208                HAL_TIM_IRQHandler
 *fill*         0x08001366        0x2 
 .text.TIM_Base_SetConfig
                0x08001368       0x84 CMakeFiles/Move-dev.elf.dir/Drivers/STM32F1xx_HAL_Driver/Src/stm32f1xx_hal_tim.c.obj
                0x08001368                TIM_Base_SetConfig
 .text.HAL_TIM_Base_Init
                0x080013ec       0x58 CMakeFiles/Move-dev.elf.dir/Drivers/STM32F1xx_HAL_Driver/Src/stm32f1xx_hal_tim.c.obj
                0x080013ec                HAL_TIM_Base_Init
 .text.TIM_ETR_SetConfig
                0x08001444       0x18 CMakeFiles/Move-dev.elf.dir/Drivers/STM32F1xx_HAL_Driver/Src/stm32f1xx_hal_tim.c.obj
                0x08001444                TIM_ETR_SetConfig
 .text.HAL_TIM_ConfigClockSource
                0x0800145c       0xfe CMakeFiles/Move-dev.elf.dir/Drivers/STM32F1xx_HAL_Driver/Src/stm32f1xx_hal_tim.c.obj
                0x0800145c                HAL_TIM_ConfigClockSource
 *fill*         0x0800155a        0x2 
 .text.HAL_TIMEx_MasterConfigSynchronization
                0x0800155c       0x6c CMakeFiles/Move-dev.elf.dir/Drivers/STM32F1xx_HAL_Driver/Src/stm32f1xx_hal_tim_ex.c.obj
                0x0800155c                HAL_TIMEx_MasterConfigSynchronization
 .text.HAL_TIMEx_CommutCallback
                0x080015c8        0x2 CMakeFiles/Move-dev.elf.dir/Drivers/STM32F1xx_HAL_Driver/Src/stm32f1xx_hal_tim_ex.c.obj
                0x080015c8                HAL_TIMEx_CommutCallback
 .text.HAL_TIMEx_BreakCallback
                0x080015ca        0x2 CMakeFiles/Move-dev.elf.dir/Drivers/STM32F1xx_HAL_Driver/Src/stm32f1xx_hal_tim_ex.c.obj
                0x080015ca                HAL_TIMEx_BreakCallback
 .text.makeFreeRtosPriority
                0x080015cc        0xc CMakeFiles/Move-dev.elf.dir/Middlewares/Third_Party/FreeRTOS/Source/CMSIS_RTOS/cmsis_os.c.obj
 .text.osKernelStart
                0x080015d8        0xa CMakeFiles/Move-dev.elf.dir/Middlewares/Third_Party/FreeRTOS/Source/CMSIS_RTOS/cmsis_os.c.obj
                0x080015d8                osKernelStart
 .text.osThreadCreate
                0x080015e2       0x6a CMakeFiles/Move-dev.elf.dir/Middlewares/Third_Party/FreeRTOS/Source/CMSIS_RTOS/cmsis_os.c.obj
                0x080015e2                osThreadCreate
 .text.osDelay  0x0800164c        0xe CMakeFiles/Move-dev.elf.dir/Middlewares/Third_Party/FreeRTOS/Source/CMSIS_RTOS/cmsis_os.c.obj
                0x0800164c                osDelay
 .text.vListInitialise
                0x0800165a       0x16 CMakeFiles/Move-dev.elf.dir/Middlewares/Third_Party/FreeRTOS/Source/list.c.obj
                0x0800165a                vListInitialise
 .text.vListInitialiseItem
                0x08001670        0x6 CMakeFiles/Move-dev.elf.dir/Middlewares/Third_Party/FreeRTOS/Source/list.c.obj
                0x08001670                vListInitialiseItem
 .text.vListInsertEnd
                0x08001676       0x16 CMakeFiles/Move-dev.elf.dir/Middlewares/Third_Party/FreeRTOS/Source/list.c.obj
                0x08001676                vListInsertEnd
 .text.vListInsert
                0x0800168c       0x32 CMakeFiles/Move-dev.elf.dir/Middlewares/Third_Party/FreeRTOS/Source/list.c.obj
                0x0800168c                vListInsert
 .text.uxListRemove
                0x080016be       0x26 CMakeFiles/Move-dev.elf.dir/Middlewares/Third_Party/FreeRTOS/Source/list.c.obj
                0x080016be                uxListRemove
 .text.prvTaskExitError
                0x080016e4       0x40 CMakeFiles/Move-dev.elf.dir/Middlewares/Third_Party/FreeRTOS/Source/portable/GCC/ARM_CM3/port.c.obj
 .text.prvPortStartFirstTask
                0x08001724       0x20 CMakeFiles/Move-dev.elf.dir/Middlewares/Third_Party/FreeRTOS/Source/portable/GCC/ARM_CM3/port.c.obj
 .text.pxPortInitialiseStack
                0x08001744       0x24 CMakeFiles/Move-dev.elf.dir/Middlewares/Third_Party/FreeRTOS/Source/portable/GCC/ARM_CM3/port.c.obj
                0x08001744                pxPortInitialiseStack
 *fill*         0x08001768        0x8 
 .text.SVC_Handler
                0x08001770       0x24 CMakeFiles/Move-dev.elf.dir/Middlewares/Third_Party/FreeRTOS/Source/portable/GCC/ARM_CM3/port.c.obj
                0x08001770                SVC_Handler
 .text.vPortEnterCritical
                0x08001794       0x44 CMakeFiles/Move-dev.elf.dir/Middlewares/Third_Party/FreeRTOS/Source/portable/GCC/ARM_CM3/port.c.obj
                0x08001794                vPortEnterCritical
 .text.vPortExitCritical
                0x080017d8       0x2c CMakeFiles/Move-dev.elf.dir/Middlewares/Third_Party/FreeRTOS/Source/portable/GCC/ARM_CM3/port.c.obj
                0x080017d8                vPortExitCritical
 *fill*         0x08001804        0xc 
 .text.PendSV_Handler
                0x08001810       0x44 CMakeFiles/Move-dev.elf.dir/Middlewares/Third_Party/FreeRTOS/Source/portable/GCC/ARM_CM3/port.c.obj
                0x08001810                PendSV_Handler
 .text.SysTick_Handler
                0x08001854       0x2c CMakeFiles/Move-dev.elf.dir/Middlewares/Third_Party/FreeRTOS/Source/portable/GCC/ARM_CM3/port.c.obj
                0x08001854                SysTick_Handler
 .text.vPortSetupTimerInterrupt
                0x08001880       0x28 CMakeFiles/Move-dev.elf.dir/Middlewares/Third_Party/FreeRTOS/Source/portable/GCC/ARM_CM3/port.c.obj
                0x08001880                vPortSetupTimerInterrupt
 .text.xPortStartScheduler
                0x080018a8       0xc0 CMakeFiles/Move-dev.elf.dir/Middlewares/Third_Party/FreeRTOS/Source/portable/GCC/ARM_CM3/port.c.obj
                0x080018a8                xPortStartScheduler
 .text.prvHeapInit
                0x08001968       0x64 CMakeFiles/Move-dev.elf.dir/Middlewares/Third_Party/FreeRTOS/Source/portable/MemMang/heap_4.c.obj
 .text.prvInsertBlockIntoFreeList
                0x080019cc       0x60 CMakeFiles/Move-dev.elf.dir/Middlewares/Third_Party/FreeRTOS/Source/portable/MemMang/heap_4.c.obj
 .text.pvPortMalloc
                0x08001a2c       0xfc CMakeFiles/Move-dev.elf.dir/Middlewares/Third_Party/FreeRTOS/Source/portable/MemMang/heap_4.c.obj
                0x08001a2c                pvPortMalloc
 .text.vPortFree
                0x08001b28       0x7c CMakeFiles/Move-dev.elf.dir/Middlewares/Third_Party/FreeRTOS/Source/portable/MemMang/heap_4.c.obj
                0x08001b28                vPortFree
 .text.prvResetNextTaskUnblockTime
                0x08001ba4       0x2c CMakeFiles/Move-dev.elf.dir/Middlewares/Third_Party/FreeRTOS/Source/tasks.c.obj
 .text.prvInitialiseNewTask
                0x08001bd0       0xa2 CMakeFiles/Move-dev.elf.dir/Middlewares/Third_Party/FreeRTOS/Source/tasks.c.obj
 *fill*         0x08001c72        0x2 
 .text.prvInitialiseTaskLists
                0x08001c74       0x68 CMakeFiles/Move-dev.elf.dir/Middlewares/Third_Party/FreeRTOS/Source/tasks.c.obj
 .text.prvAddNewTaskToReadyList
                0x08001cdc       0xa8 CMakeFiles/Move-dev.elf.dir/Middlewares/Third_Party/FreeRTOS/Source/tasks.c.obj
 .text.prvDeleteTCB
                0x08001d84       0x38 CMakeFiles/Move-dev.elf.dir/Middlewares/Third_Party/FreeRTOS/Source/tasks.c.obj
 .text.prvCheckTasksWaitingTermination
                0x08001dbc       0x4c CMakeFiles/Move-dev.elf.dir/Middlewares/Third_Party/FreeRTOS/Source/tasks.c.obj
 .text.prvIdleTask
                0x08001e08       0x28 CMakeFiles/Move-dev.elf.dir/Middlewares/Third_Party/FreeRTOS/Source/tasks.c.obj
 .text.prvAddCurrentTaskToDelayedList
                0x08001e30       0x98 CMakeFiles/Move-dev.elf.dir/Middlewares/Third_Party/FreeRTOS/Source/tasks.c.obj
 .text.xTaskCreateStatic
                0x08001ec8       0x76 CMakeFiles/Move-dev.elf.dir/Middlewares/Third_Party/FreeRTOS/Source/tasks.c.obj
                0x08001ec8                xTaskCreateStatic
 .text.xTaskCreate
                0x08001f3e       0x68 CMakeFiles/Move-dev.elf.dir/Middlewares/Third_Party/FreeRTOS/Source/tasks.c.obj
                0x08001f3e                xTaskCreate
 *fill*         0x08001fa6        0x2 
 .text.vTaskStartScheduler
                0x08001fa8       0x74 CMakeFiles/Move-dev.elf.dir/Middlewares/Third_Party/FreeRTOS/Source/tasks.c.obj
                0x08001fa8                vTaskStartScheduler
 .text.vTaskSuspendAll
                0x0800201c       0x10 CMakeFiles/Move-dev.elf.dir/Middlewares/Third_Party/FreeRTOS/Source/tasks.c.obj
                0x0800201c                vTaskSuspendAll
 .text.xTaskIncrementTick
                0x0800202c      0x118 CMakeFiles/Move-dev.elf.dir/Middlewares/Third_Party/FreeRTOS/Source/tasks.c.obj
                0x0800202c                xTaskIncrementTick
 .text.xTaskResumeAll
                0x08002144       0xf8 CMakeFiles/Move-dev.elf.dir/Middlewares/Third_Party/FreeRTOS/Source/tasks.c.obj
                0x08002144                xTaskResumeAll
 .text.vTaskDelay
                0x0800223c       0x4c CMakeFiles/Move-dev.elf.dir/Middlewares/Third_Party/FreeRTOS/Source/tasks.c.obj
                0x0800223c                vTaskDelay
 .text.vTaskSwitchContext
                0x08002288       0x98 CMakeFiles/Move-dev.elf.dir/Middlewares/Third_Party/FreeRTOS/Source/tasks.c.obj
                0x08002288                vTaskSwitchContext
 .text.__libc_init_array
                0x08002320       0x48 c:/progra~1/stmicr~1/stm32c~1/gcc-ar~1.10/bin/../lib/gcc/arm-none-eabi/10.3.1/../../../../arm-none-eabi/lib/thumb/v7-m/nofp\libg.a(lib_a-init.o)
                0x08002320                __libc_init_array
 .text.memset   0x08002368       0xa4 c:/progra~1/stmicr~1/stm32c~1/gcc-ar~1.10/bin/../lib/gcc/arm-none-eabi/10.3.1/../../../../arm-none-eabi/lib/thumb/v7-m/nofp\libg.a(lib_a-memset.o)
                0x08002368                memset
 .text.startup.register_fini
                0x0800240c       0x14 c:/progra~1/stmicr~1/stm32c~1/gcc-ar~1.10/bin/../lib/gcc/arm-none-eabi/10.3.1/../../../../arm-none-eabi/lib/thumb/v7-m/nofp\libg.a(lib_a-__call_atexit.o)
 .text.atexit   0x08002420        0xc c:/progra~1/stmicr~1/stm32c~1/gcc-ar~1.10/bin/../lib/gcc/arm-none-eabi/10.3.1/../../../../arm-none-eabi/lib/thumb/v7-m/nofp\libg.a(lib_a-atexit.o)
                0x08002420                atexit
 .text.__libc_fini_array
                0x0800242c       0x2c c:/progra~1/stmicr~1/stm32c~1/gcc-ar~1.10/bin/../lib/gcc/arm-none-eabi/10.3.1/../../../../arm-none-eabi/lib/thumb/v7-m/nofp\libg.a(lib_a-fini.o)
                0x0800242c                __libc_fini_array
 .text.__retarget_lock_acquire_recursive
                0x08002458        0x4 c:/progra~1/stmicr~1/stm32c~1/gcc-ar~1.10/bin/../lib/gcc/arm-none-eabi/10.3.1/../../../../arm-none-eabi/lib/thumb/v7-m/nofp\libg.a(lib_a-lock.o)
                0x08002458                __retarget_lock_acquire_recursive
 .text.__retarget_lock_release_recursive
                0x0800245c        0x4 c:/progra~1/stmicr~1/stm32c~1/gcc-ar~1.10/bin/../lib/gcc/arm-none-eabi/10.3.1/../../../../arm-none-eabi/lib/thumb/v7-m/nofp\libg.a(lib_a-lock.o)
                0x0800245c                __retarget_lock_release_recursive
 .text.__register_exitproc
                0x08002460       0x8c c:/progra~1/stmicr~1/stm32c~1/gcc-ar~1.10/bin/../lib/gcc/arm-none-eabi/10.3.1/../../../../arm-none-eabi/lib/thumb/v7-m/nofp\libg.a(lib_a-__atexit.o)
                0x08002460                __register_exitproc
 *(.glue_7)
 .glue_7        0x080024ec        0x0 linker stubs
 *(.glue_7t)
 .glue_7t       0x080024ec        0x0 linker stubs
 *(.eh_frame)
 .eh_frame      0x080024ec        0x0 c:/progra~1/stmicr~1/stm32c~1/gcc-ar~1.10/bin/../lib/gcc/arm-none-eabi/10.3.1/thumb/v7-m/nofp/crtbegin.o
 *(.init)
 .init          0x080024ec        0x4 c:/progra~1/stmicr~1/stm32c~1/gcc-ar~1.10/bin/../lib/gcc/arm-none-eabi/10.3.1/thumb/v7-m/nofp/crti.o
                0x080024ec                _init
 .init          0x080024f0        0x8 c:/progra~1/stmicr~1/stm32c~1/gcc-ar~1.10/bin/../lib/gcc/arm-none-eabi/10.3.1/thumb/v7-m/nofp/crtn.o
 *(.fini)
 .fini          0x080024f8        0x4 c:/progra~1/stmicr~1/stm32c~1/gcc-ar~1.10/bin/../lib/gcc/arm-none-eabi/10.3.1/thumb/v7-m/nofp/crti.o
                0x080024f8                _fini
 .fini          0x080024fc        0x8 c:/progra~1/stmicr~1/stm32c~1/gcc-ar~1.10/bin/../lib/gcc/arm-none-eabi/10.3.1/thumb/v7-m/nofp/crtn.o
                0x08002504                . = ALIGN (0x4)
                0x08002504                _etext = .

.vfp11_veneer   0x08002504        0x0
 .vfp11_veneer  0x08002504        0x0 linker stubs

.v4_bx          0x08002504        0x0
 .v4_bx         0x08002504        0x0 linker stubs

.iplt           0x08002504        0x0
 .iplt          0x08002504        0x0 c:/progra~1/stmicr~1/stm32c~1/gcc-ar~1.10/bin/../lib/gcc/arm-none-eabi/10.3.1/thumb/v7-m/nofp/crtbegin.o

.rodata         0x08002504       0xb0
                0x08002504                . = ALIGN (0x4)
 *(.rodata)
 .rodata        0x08002504       0x54 CMakeFiles/Move-dev.elf.dir/Core/Src/freertos.c.obj
 *(.rodata*)
 .rodata.str1.4
                0x08002558       0x22 CMakeFiles/Move-dev.elf.dir/Core/Src/freertos.c.obj
 *fill*         0x0800257a        0x2 
 .rodata.AHBPrescTable
                0x0800257c       0x10 CMakeFiles/Move-dev.elf.dir/Core/Src/system_stm32f1xx.c.obj
                0x0800257c                AHBPrescTable
 .rodata.APBPrescTable
                0x0800258c        0x8 CMakeFiles/Move-dev.elf.dir/Core/Src/system_stm32f1xx.c.obj
                0x0800258c                APBPrescTable
 .rodata.aPLLMULFactorTable.1
                0x08002594       0x10 CMakeFiles/Move-dev.elf.dir/Drivers/STM32F1xx_HAL_Driver/Src/stm32f1xx_hal_rcc.c.obj
 .rodata.aPredivFactorTable.0
                0x080025a4        0x2 CMakeFiles/Move-dev.elf.dir/Drivers/STM32F1xx_HAL_Driver/Src/stm32f1xx_hal_rcc.c.obj
 *fill*         0x080025a6        0x2 
 .rodata.vTaskStartScheduler.str1.4
                0x080025a8        0x5 CMakeFiles/Move-dev.elf.dir/Middlewares/Third_Party/FreeRTOS/Source/tasks.c.obj
 *fill*         0x080025ad        0x3 
 .rodata._global_impure_ptr
                0x080025b0        0x4 c:/progra~1/stmicr~1/stm32c~1/gcc-ar~1.10/bin/../lib/gcc/arm-none-eabi/10.3.1/../../../../arm-none-eabi/lib/thumb/v7-m/nofp\libg.a(lib_a-impure.o)
                0x080025b0                _global_impure_ptr
                0x080025b4                . = ALIGN (0x4)

.rel.dyn        0x080025b4        0x0
 .rel.iplt      0x080025b4        0x0 c:/progra~1/stmicr~1/stm32c~1/gcc-ar~1.10/bin/../lib/gcc/arm-none-eabi/10.3.1/thumb/v7-m/nofp/crtbegin.o

.ARM.extab      0x080025b4        0x0
                0x080025b4                . = ALIGN (0x4)
 *(.ARM.extab* .gnu.linkonce.armextab.*)
                0x080025b4                . = ALIGN (0x4)

.ARM            0x080025b4        0x0
                0x080025b4                . = ALIGN (0x4)
                0x080025b4                __exidx_start = .
 *(.ARM.exidx*)
                0x080025b4                __exidx_end = .
                0x080025b4                . = ALIGN (0x4)

.preinit_array  0x080025b4        0x0
                0x080025b4                . = ALIGN (0x4)
                0x080025b4                PROVIDE (__preinit_array_start = .)
 *(.preinit_array*)
                0x080025b4                PROVIDE (__preinit_array_end = .)
                0x080025b4                . = ALIGN (0x4)

.init_array     0x080025b4        0x8
                0x080025b4                . = ALIGN (0x4)
                0x080025b4                PROVIDE (__init_array_start = .)
 *(SORT_BY_NAME(.init_array.*))
 .init_array.00000
                0x080025b4        0x4 c:/progra~1/stmicr~1/stm32c~1/gcc-ar~1.10/bin/../lib/gcc/arm-none-eabi/10.3.1/../../../../arm-none-eabi/lib/thumb/v7-m/nofp\libg.a(lib_a-__call_atexit.o)
 *(.init_array*)
 .init_array    0x080025b8        0x4 c:/progra~1/stmicr~1/stm32c~1/gcc-ar~1.10/bin/../lib/gcc/arm-none-eabi/10.3.1/thumb/v7-m/nofp/crtbegin.o
                0x080025bc                PROVIDE (__init_array_end = .)
                0x080025bc                . = ALIGN (0x4)

.fini_array     0x080025bc        0x4
                0x080025bc                . = ALIGN (0x4)
                0x080025bc                PROVIDE (__fini_array_start = .)
 *(SORT_BY_NAME(.fini_array.*))
 *(.fini_array*)
 .fini_array    0x080025bc        0x4 c:/progra~1/stmicr~1/stm32c~1/gcc-ar~1.10/bin/../lib/gcc/arm-none-eabi/10.3.1/thumb/v7-m/nofp/crtbegin.o
                0x080025c0                PROVIDE (__fini_array_end = .)
                0x080025c0                . = ALIGN (0x4)
                0x080025c0                _sidata = LOADADDR (.data)

.data           0x20000000      0x4cc load address 0x080025c0
                0x20000000                . = ALIGN (0x4)
                0x20000000                _sdata = .
 *(.data)
 *(.data*)
 .data.LL       0x20000000       0x24 CMakeFiles/Move-dev.elf.dir/Core/BSP/42-dev/Emm_V5.c.obj
                0x20000000                LL
 .data.LU       0x20000024       0x24 CMakeFiles/Move-dev.elf.dir/Core/BSP/42-dev/Emm_V5.c.obj
                0x20000024                LU
 .data.RL       0x20000048       0x24 CMakeFiles/Move-dev.elf.dir/Core/BSP/42-dev/Emm_V5.c.obj
                0x20000048                RL
 .data.RU       0x2000006c       0x24 CMakeFiles/Move-dev.elf.dir/Core/BSP/42-dev/Emm_V5.c.obj
                0x2000006c                RU
 .data.SystemCoreClock
                0x20000090        0x4 CMakeFiles/Move-dev.elf.dir/Core/Src/system_stm32f1xx.c.obj
                0x20000090                SystemCoreClock
 .data.uwTickFreq
                0x20000094        0x1 CMakeFiles/Move-dev.elf.dir/Drivers/STM32F1xx_HAL_Driver/Src/stm32f1xx_hal.c.obj
                0x20000094                uwTickFreq
 *fill*         0x20000095        0x3 
 .data.uwTickPrio
                0x20000098        0x4 CMakeFiles/Move-dev.elf.dir/Drivers/STM32F1xx_HAL_Driver/Src/stm32f1xx_hal.c.obj
                0x20000098                uwTickPrio
 .data.uxCriticalNesting
                0x2000009c        0x4 CMakeFiles/Move-dev.elf.dir/Middlewares/Third_Party/FreeRTOS/Source/portable/GCC/ARM_CM3/port.c.obj
 .data.impure_data
                0x200000a0      0x428 c:/progra~1/stmicr~1/stm32c~1/gcc-ar~1.10/bin/../lib/gcc/arm-none-eabi/10.3.1/../../../../arm-none-eabi/lib/thumb/v7-m/nofp\libg.a(lib_a-impure.o)
 .data.__atexit_recursive_mutex
                0x200004c8        0x4 c:/progra~1/stmicr~1/stm32c~1/gcc-ar~1.10/bin/../lib/gcc/arm-none-eabi/10.3.1/../../../../arm-none-eabi/lib/thumb/v7-m/nofp\libg.a(lib_a-__call_atexit.o)
                0x200004c8                __atexit_recursive_mutex
 *(.RamFunc)
 *(.RamFunc*)
                0x200004cc                . = ALIGN (0x4)
                0x200004cc                _edata = .

.igot.plt       0x200004cc        0x0 load address 0x08002a8c
 .igot.plt      0x200004cc        0x0 c:/progra~1/stmicr~1/stm32c~1/gcc-ar~1.10/bin/../lib/gcc/arm-none-eabi/10.3.1/thumb/v7-m/nofp/crtbegin.o
                0x200004cc                . = ALIGN (0x4)

.bss            0x200004cc     0x1068 load address 0x08002a8c
                0x200004cc                _sbss = .
                0x200004cc                __bss_start__ = _sbss
 *(.bss)
 .bss           0x200004cc       0x1c c:/progra~1/stmicr~1/stm32c~1/gcc-ar~1.10/bin/../lib/gcc/arm-none-eabi/10.3.1/thumb/v7-m/nofp/crtbegin.o
 *(.bss*)
 .bss.LURL_TaskHandle
                0x200004e8        0x4 CMakeFiles/Move-dev.elf.dir/Core/Src/freertos.c.obj
                0x200004e8                LURL_TaskHandle
 .bss.RULL_TaskHandle
                0x200004ec        0x4 CMakeFiles/Move-dev.elf.dir/Core/Src/freertos.c.obj
                0x200004ec                RULL_TaskHandle
 .bss.defaultTaskHandle
                0x200004f0        0x4 CMakeFiles/Move-dev.elf.dir/Core/Src/freertos.c.obj
                0x200004f0                defaultTaskHandle
 .bss.xIdleStack
                0x200004f4      0x200 CMakeFiles/Move-dev.elf.dir/Core/Src/freertos.c.obj
 .bss.xIdleTaskTCBBuffer
                0x200006f4       0x54 CMakeFiles/Move-dev.elf.dir/Core/Src/freertos.c.obj
 .bss.htim1     0x20000748       0x48 CMakeFiles/Move-dev.elf.dir/Core/Src/stm32f1xx_hal_timebase_tim.c.obj
                0x20000748                htim1
 .bss.htim3     0x20000790       0x48 CMakeFiles/Move-dev.elf.dir/Core/Src/tim.c.obj
                0x20000790                htim3
 .bss.uwTick    0x200007d8        0x4 CMakeFiles/Move-dev.elf.dir/Drivers/STM32F1xx_HAL_Driver/Src/stm32f1xx_hal.c.obj
                0x200007d8                uwTick
 .bss.ucMaxSysCallPriority
                0x200007dc        0x1 CMakeFiles/Move-dev.elf.dir/Middlewares/Third_Party/FreeRTOS/Source/portable/GCC/ARM_CM3/port.c.obj
 *fill*         0x200007dd        0x3 
 .bss.ulMaxPRIGROUPValue
                0x200007e0        0x4 CMakeFiles/Move-dev.elf.dir/Middlewares/Third_Party/FreeRTOS/Source/portable/GCC/ARM_CM3/port.c.obj
 .bss.pxEnd     0x200007e4        0x4 CMakeFiles/Move-dev.elf.dir/Middlewares/Third_Party/FreeRTOS/Source/portable/MemMang/heap_4.c.obj
 .bss.ucHeap    0x200007e8      0xc00 CMakeFiles/Move-dev.elf.dir/Middlewares/Third_Party/FreeRTOS/Source/portable/MemMang/heap_4.c.obj
 .bss.xBlockAllocatedBit
                0x200013e8        0x4 CMakeFiles/Move-dev.elf.dir/Middlewares/Third_Party/FreeRTOS/Source/portable/MemMang/heap_4.c.obj
 .bss.xFreeBytesRemaining
                0x200013ec        0x4 CMakeFiles/Move-dev.elf.dir/Middlewares/Third_Party/FreeRTOS/Source/portable/MemMang/heap_4.c.obj
 .bss.xMinimumEverFreeBytesRemaining
                0x200013f0        0x4 CMakeFiles/Move-dev.elf.dir/Middlewares/Third_Party/FreeRTOS/Source/portable/MemMang/heap_4.c.obj
 .bss.xNumberOfSuccessfulAllocations
                0x200013f4        0x4 CMakeFiles/Move-dev.elf.dir/Middlewares/Third_Party/FreeRTOS/Source/portable/MemMang/heap_4.c.obj
 .bss.xNumberOfSuccessfulFrees
                0x200013f8        0x4 CMakeFiles/Move-dev.elf.dir/Middlewares/Third_Party/FreeRTOS/Source/portable/MemMang/heap_4.c.obj
 .bss.xStart    0x200013fc        0x8 CMakeFiles/Move-dev.elf.dir/Middlewares/Third_Party/FreeRTOS/Source/portable/MemMang/heap_4.c.obj
 .bss.pxCurrentTCB
                0x20001404        0x4 CMakeFiles/Move-dev.elf.dir/Middlewares/Third_Party/FreeRTOS/Source/tasks.c.obj
                0x20001404                pxCurrentTCB
 .bss.pxDelayedTaskList
                0x20001408        0x4 CMakeFiles/Move-dev.elf.dir/Middlewares/Third_Party/FreeRTOS/Source/tasks.c.obj
 .bss.pxOverflowDelayedTaskList
                0x2000140c        0x4 CMakeFiles/Move-dev.elf.dir/Middlewares/Third_Party/FreeRTOS/Source/tasks.c.obj
 .bss.pxReadyTasksLists
                0x20001410       0x8c CMakeFiles/Move-dev.elf.dir/Middlewares/Third_Party/FreeRTOS/Source/tasks.c.obj
 .bss.uxCurrentNumberOfTasks
                0x2000149c        0x4 CMakeFiles/Move-dev.elf.dir/Middlewares/Third_Party/FreeRTOS/Source/tasks.c.obj
 .bss.uxDeletedTasksWaitingCleanUp
                0x200014a0        0x4 CMakeFiles/Move-dev.elf.dir/Middlewares/Third_Party/FreeRTOS/Source/tasks.c.obj
 .bss.uxSchedulerSuspended
                0x200014a4        0x4 CMakeFiles/Move-dev.elf.dir/Middlewares/Third_Party/FreeRTOS/Source/tasks.c.obj
 .bss.uxTaskNumber
                0x200014a8        0x4 CMakeFiles/Move-dev.elf.dir/Middlewares/Third_Party/FreeRTOS/Source/tasks.c.obj
 .bss.uxTopReadyPriority
                0x200014ac        0x4 CMakeFiles/Move-dev.elf.dir/Middlewares/Third_Party/FreeRTOS/Source/tasks.c.obj
 .bss.xDelayedTaskList1
                0x200014b0       0x14 CMakeFiles/Move-dev.elf.dir/Middlewares/Third_Party/FreeRTOS/Source/tasks.c.obj
 .bss.xDelayedTaskList2
                0x200014c4       0x14 CMakeFiles/Move-dev.elf.dir/Middlewares/Third_Party/FreeRTOS/Source/tasks.c.obj
 .bss.xIdleTaskHandle
                0x200014d8        0x4 CMakeFiles/Move-dev.elf.dir/Middlewares/Third_Party/FreeRTOS/Source/tasks.c.obj
 .bss.xNextTaskUnblockTime
                0x200014dc        0x4 CMakeFiles/Move-dev.elf.dir/Middlewares/Third_Party/FreeRTOS/Source/tasks.c.obj
 .bss.xNumOfOverflows
                0x200014e0        0x4 CMakeFiles/Move-dev.elf.dir/Middlewares/Third_Party/FreeRTOS/Source/tasks.c.obj
 .bss.xPendedTicks
                0x200014e4        0x4 CMakeFiles/Move-dev.elf.dir/Middlewares/Third_Party/FreeRTOS/Source/tasks.c.obj
 .bss.xPendingReadyList
                0x200014e8       0x14 CMakeFiles/Move-dev.elf.dir/Middlewares/Third_Party/FreeRTOS/Source/tasks.c.obj
 .bss.xSchedulerRunning
                0x200014fc        0x4 CMakeFiles/Move-dev.elf.dir/Middlewares/Third_Party/FreeRTOS/Source/tasks.c.obj
 .bss.xSuspendedTaskList
                0x20001500       0x14 CMakeFiles/Move-dev.elf.dir/Middlewares/Third_Party/FreeRTOS/Source/tasks.c.obj
 .bss.xTasksWaitingTermination
                0x20001514       0x14 CMakeFiles/Move-dev.elf.dir/Middlewares/Third_Party/FreeRTOS/Source/tasks.c.obj
 .bss.xTickCount
                0x20001528        0x4 CMakeFiles/Move-dev.elf.dir/Middlewares/Third_Party/FreeRTOS/Source/tasks.c.obj
 .bss.xYieldPending
                0x2000152c        0x4 CMakeFiles/Move-dev.elf.dir/Middlewares/Third_Party/FreeRTOS/Source/tasks.c.obj
 .bss.__lock___atexit_recursive_mutex
                0x20001530        0x1 c:/progra~1/stmicr~1/stm32c~1/gcc-ar~1.10/bin/../lib/gcc/arm-none-eabi/10.3.1/../../../../arm-none-eabi/lib/thumb/v7-m/nofp\libg.a(lib_a-lock.o)
                0x20001530                __lock___atexit_recursive_mutex
 *(COMMON)
                0x20001534                . = ALIGN (0x4)
 *fill*         0x20001531        0x3 
                0x20001534                _ebss = .
                0x20001534                __bss_end__ = _ebss

._user_heap_stack
                0x20001534      0x604 load address 0x08002a8c
                0x20001538                . = ALIGN (0x8)
 *fill*         0x20001534        0x4 
                [!provide]                PROVIDE (end = .)
                0x20001538                PROVIDE (_end = .)
                0x20001738                . = (. + _Min_Heap_Size)
 *fill*         0x20001538      0x200 
                0x20001b38                . = (. + _Min_Stack_Size)
 *fill*         0x20001738      0x400 
                0x20001b38                . = ALIGN (0x8)

/DISCARD/
 libc.a(*)
 libm.a(*)
 libgcc.a(*)

.ARM.attributes
                0x00000000       0x29
 *(.ARM.attributes)
 .ARM.attributes
                0x00000000       0x1d c:/progra~1/stmicr~1/stm32c~1/gcc-ar~1.10/bin/../lib/gcc/arm-none-eabi/10.3.1/thumb/v7-m/nofp/crti.o
 .ARM.attributes
                0x0000001d       0x2d c:/progra~1/stmicr~1/stm32c~1/gcc-ar~1.10/bin/../lib/gcc/arm-none-eabi/10.3.1/thumb/v7-m/nofp/crtbegin.o
 .ARM.attributes
                0x0000004a       0x2d CMakeFiles/Move-dev.elf.dir/Core/BSP/42-dev/Emm_V5.c.obj
 .ARM.attributes
                0x00000077       0x2d CMakeFiles/Move-dev.elf.dir/Core/BSP/Control/control.c.obj
 .ARM.attributes
                0x000000a4       0x2d CMakeFiles/Move-dev.elf.dir/Core/BSP/DWT/dwt.c.obj
 .ARM.attributes
                0x000000d1       0x2d CMakeFiles/Move-dev.elf.dir/Core/Src/freertos.c.obj
 .ARM.attributes
                0x000000fe       0x2d CMakeFiles/Move-dev.elf.dir/Core/Src/gpio.c.obj
 .ARM.attributes
                0x0000012b       0x2d CMakeFiles/Move-dev.elf.dir/Core/Src/main.c.obj
 .ARM.attributes
                0x00000158       0x2d CMakeFiles/Move-dev.elf.dir/Core/Src/stm32f1xx_hal_msp.c.obj
 .ARM.attributes
                0x00000185       0x2d CMakeFiles/Move-dev.elf.dir/Core/Src/stm32f1xx_hal_timebase_tim.c.obj
 .ARM.attributes
                0x000001b2       0x2d CMakeFiles/Move-dev.elf.dir/Core/Src/stm32f1xx_it.c.obj
 .ARM.attributes
                0x000001df       0x2d CMakeFiles/Move-dev.elf.dir/Core/Src/system_stm32f1xx.c.obj
 .ARM.attributes
                0x0000020c       0x2d CMakeFiles/Move-dev.elf.dir/Core/Src/tim.c.obj
 .ARM.attributes
                0x00000239       0x21 CMakeFiles/Move-dev.elf.dir/Core/Startup/startup_stm32f103c8tx.s.obj
 .ARM.attributes
                0x0000025a       0x2d CMakeFiles/Move-dev.elf.dir/Drivers/STM32F1xx_HAL_Driver/Src/stm32f1xx_hal.c.obj
 .ARM.attributes
                0x00000287       0x2d CMakeFiles/Move-dev.elf.dir/Drivers/STM32F1xx_HAL_Driver/Src/stm32f1xx_hal_cortex.c.obj
 .ARM.attributes
                0x000002b4       0x2d CMakeFiles/Move-dev.elf.dir/Drivers/STM32F1xx_HAL_Driver/Src/stm32f1xx_hal_gpio.c.obj
 .ARM.attributes
                0x000002e1       0x2d CMakeFiles/Move-dev.elf.dir/Drivers/STM32F1xx_HAL_Driver/Src/stm32f1xx_hal_rcc.c.obj
 .ARM.attributes
                0x0000030e       0x2d CMakeFiles/Move-dev.elf.dir/Drivers/STM32F1xx_HAL_Driver/Src/stm32f1xx_hal_tim.c.obj
 .ARM.attributes
                0x0000033b       0x2d CMakeFiles/Move-dev.elf.dir/Drivers/STM32F1xx_HAL_Driver/Src/stm32f1xx_hal_tim_ex.c.obj
 .ARM.attributes
                0x00000368       0x2d CMakeFiles/Move-dev.elf.dir/Middlewares/Third_Party/FreeRTOS/Source/CMSIS_RTOS/cmsis_os.c.obj
 .ARM.attributes
                0x00000395       0x2d CMakeFiles/Move-dev.elf.dir/Middlewares/Third_Party/FreeRTOS/Source/list.c.obj
 .ARM.attributes
                0x000003c2       0x2d CMakeFiles/Move-dev.elf.dir/Middlewares/Third_Party/FreeRTOS/Source/portable/GCC/ARM_CM3/port.c.obj
 .ARM.attributes
                0x000003ef       0x2d CMakeFiles/Move-dev.elf.dir/Middlewares/Third_Party/FreeRTOS/Source/portable/MemMang/heap_4.c.obj
 .ARM.attributes
                0x0000041c       0x2d CMakeFiles/Move-dev.elf.dir/Middlewares/Third_Party/FreeRTOS/Source/tasks.c.obj
 .ARM.attributes
                0x00000449       0x2d c:/progra~1/stmicr~1/stm32c~1/gcc-ar~1.10/bin/../lib/gcc/arm-none-eabi/10.3.1/../../../../arm-none-eabi/lib/thumb/v7-m/nofp\libg.a(lib_a-impure.o)
 .ARM.attributes
                0x00000476       0x2d c:/progra~1/stmicr~1/stm32c~1/gcc-ar~1.10/bin/../lib/gcc/arm-none-eabi/10.3.1/../../../../arm-none-eabi/lib/thumb/v7-m/nofp\libg.a(lib_a-init.o)
 .ARM.attributes
                0x000004a3       0x2d c:/progra~1/stmicr~1/stm32c~1/gcc-ar~1.10/bin/../lib/gcc/arm-none-eabi/10.3.1/../../../../arm-none-eabi/lib/thumb/v7-m/nofp\libg.a(lib_a-memset.o)
 .ARM.attributes
                0x000004d0       0x2d c:/progra~1/stmicr~1/stm32c~1/gcc-ar~1.10/bin/../lib/gcc/arm-none-eabi/10.3.1/../../../../arm-none-eabi/lib/thumb/v7-m/nofp\libg.a(lib_a-__call_atexit.o)
 .ARM.attributes
                0x000004fd       0x2d c:/progra~1/stmicr~1/stm32c~1/gcc-ar~1.10/bin/../lib/gcc/arm-none-eabi/10.3.1/../../../../arm-none-eabi/lib/thumb/v7-m/nofp\libg.a(lib_a-atexit.o)
 .ARM.attributes
                0x0000052a       0x2d c:/progra~1/stmicr~1/stm32c~1/gcc-ar~1.10/bin/../lib/gcc/arm-none-eabi/10.3.1/../../../../arm-none-eabi/lib/thumb/v7-m/nofp\libg.a(lib_a-fini.o)
 .ARM.attributes
                0x00000557       0x2d c:/progra~1/stmicr~1/stm32c~1/gcc-ar~1.10/bin/../lib/gcc/arm-none-eabi/10.3.1/../../../../arm-none-eabi/lib/thumb/v7-m/nofp\libg.a(lib_a-lock.o)
 .ARM.attributes
                0x00000584       0x2d c:/progra~1/stmicr~1/stm32c~1/gcc-ar~1.10/bin/../lib/gcc/arm-none-eabi/10.3.1/../../../../arm-none-eabi/lib/thumb/v7-m/nofp\libg.a(lib_a-__atexit.o)
 .ARM.attributes
                0x000005b1       0x1d c:/progra~1/stmicr~1/stm32c~1/gcc-ar~1.10/bin/../lib/gcc/arm-none-eabi/10.3.1/thumb/v7-m/nofp/crtn.o
OUTPUT(Move-dev.elf elf32-littlearm)
LOAD linker stubs
LOAD c:/progra~1/stmicr~1/stm32c~1/gcc-ar~1.10/bin/../lib/gcc/arm-none-eabi/10.3.1/../../../../arm-none-eabi/lib/thumb/v7-m/nofp\libc.a
LOAD c:/progra~1/stmicr~1/stm32c~1/gcc-ar~1.10/bin/../lib/gcc/arm-none-eabi/10.3.1/../../../../arm-none-eabi/lib/thumb/v7-m/nofp\libm.a
LOAD c:/progra~1/stmicr~1/stm32c~1/gcc-ar~1.10/bin/../lib/gcc/arm-none-eabi/10.3.1/thumb/v7-m/nofp\libgcc.a

.debug_info     0x00000000    0x118fc
 .debug_info    0x00000000      0x61a CMakeFiles/Move-dev.elf.dir/Core/BSP/42-dev/Emm_V5.c.obj
 .debug_info    0x0000061a      0x2a9 CMakeFiles/Move-dev.elf.dir/Core/BSP/Control/control.c.obj
 .debug_info    0x000008c3      0x378 CMakeFiles/Move-dev.elf.dir/Core/BSP/DWT/dwt.c.obj
 .debug_info    0x00000c3b      0x798 CMakeFiles/Move-dev.elf.dir/Core/Src/freertos.c.obj
 .debug_info    0x000013d3      0x32f CMakeFiles/Move-dev.elf.dir/Core/Src/gpio.c.obj
 .debug_info    0x00001702      0x90f CMakeFiles/Move-dev.elf.dir/Core/Src/main.c.obj
 .debug_info    0x00002011      0x387 CMakeFiles/Move-dev.elf.dir/Core/Src/stm32f1xx_hal_msp.c.obj
 .debug_info    0x00002398      0xa31 CMakeFiles/Move-dev.elf.dir/Core/Src/stm32f1xx_hal_timebase_tim.c.obj
 .debug_info    0x00002dc9      0x6da CMakeFiles/Move-dev.elf.dir/Core/Src/stm32f1xx_it.c.obj
 .debug_info    0x000034a3      0x248 CMakeFiles/Move-dev.elf.dir/Core/Src/system_stm32f1xx.c.obj
 .debug_info    0x000036eb      0xa5c CMakeFiles/Move-dev.elf.dir/Core/Src/tim.c.obj
 .debug_info    0x00004147       0x22 CMakeFiles/Move-dev.elf.dir/Core/Startup/startup_stm32f103c8tx.s.obj
 .debug_info    0x00004169      0x7a8 CMakeFiles/Move-dev.elf.dir/Drivers/STM32F1xx_HAL_Driver/Src/stm32f1xx_hal.c.obj
 .debug_info    0x00004911      0xd8a CMakeFiles/Move-dev.elf.dir/Drivers/STM32F1xx_HAL_Driver/Src/stm32f1xx_hal_cortex.c.obj
 .debug_info    0x0000569b      0x66f CMakeFiles/Move-dev.elf.dir/Drivers/STM32F1xx_HAL_Driver/Src/stm32f1xx_hal_gpio.c.obj
 .debug_info    0x00005d0a      0xa3b CMakeFiles/Move-dev.elf.dir/Drivers/STM32F1xx_HAL_Driver/Src/stm32f1xx_hal_rcc.c.obj
 .debug_info    0x00006745     0x3d7c CMakeFiles/Move-dev.elf.dir/Drivers/STM32F1xx_HAL_Driver/Src/stm32f1xx_hal_tim.c.obj
 .debug_info    0x0000a4c1     0x1abb CMakeFiles/Move-dev.elf.dir/Drivers/STM32F1xx_HAL_Driver/Src/stm32f1xx_hal_tim_ex.c.obj
 .debug_info    0x0000bf7c     0x222b CMakeFiles/Move-dev.elf.dir/Middlewares/Third_Party/FreeRTOS/Source/CMSIS_RTOS/cmsis_os.c.obj
 .debug_info    0x0000e1a7      0x2e0 CMakeFiles/Move-dev.elf.dir/Middlewares/Third_Party/FreeRTOS/Source/list.c.obj
 .debug_info    0x0000e487      0x52b CMakeFiles/Move-dev.elf.dir/Middlewares/Third_Party/FreeRTOS/Source/portable/GCC/ARM_CM3/port.c.obj
 .debug_info    0x0000e9b2      0x5d9 CMakeFiles/Move-dev.elf.dir/Middlewares/Third_Party/FreeRTOS/Source/portable/MemMang/heap_4.c.obj
 .debug_info    0x0000ef8b     0x2971 CMakeFiles/Move-dev.elf.dir/Middlewares/Third_Party/FreeRTOS/Source/tasks.c.obj

.debug_abbrev   0x00000000     0x2b98
 .debug_abbrev  0x00000000      0x1fc CMakeFiles/Move-dev.elf.dir/Core/BSP/42-dev/Emm_V5.c.obj
 .debug_abbrev  0x000001fc      0x129 CMakeFiles/Move-dev.elf.dir/Core/BSP/Control/control.c.obj
 .debug_abbrev  0x00000325      0x106 CMakeFiles/Move-dev.elf.dir/Core/BSP/DWT/dwt.c.obj
 .debug_abbrev  0x0000042b      0x1fb CMakeFiles/Move-dev.elf.dir/Core/Src/freertos.c.obj
 .debug_abbrev  0x00000626      0x13c CMakeFiles/Move-dev.elf.dir/Core/Src/gpio.c.obj
 .debug_abbrev  0x00000762      0x204 CMakeFiles/Move-dev.elf.dir/Core/Src/main.c.obj
 .debug_abbrev  0x00000966      0x12d CMakeFiles/Move-dev.elf.dir/Core/Src/stm32f1xx_hal_msp.c.obj
 .debug_abbrev  0x00000a93      0x1ff CMakeFiles/Move-dev.elf.dir/Core/Src/stm32f1xx_hal_timebase_tim.c.obj
 .debug_abbrev  0x00000c92      0x179 CMakeFiles/Move-dev.elf.dir/Core/Src/stm32f1xx_it.c.obj
 .debug_abbrev  0x00000e0b      0x13e CMakeFiles/Move-dev.elf.dir/Core/Src/system_stm32f1xx.c.obj
 .debug_abbrev  0x00000f49      0x1de CMakeFiles/Move-dev.elf.dir/Core/Src/tim.c.obj
 .debug_abbrev  0x00001127       0x12 CMakeFiles/Move-dev.elf.dir/Core/Startup/startup_stm32f103c8tx.s.obj
 .debug_abbrev  0x00001139      0x1f4 CMakeFiles/Move-dev.elf.dir/Drivers/STM32F1xx_HAL_Driver/Src/stm32f1xx_hal.c.obj
 .debug_abbrev  0x0000132d      0x341 CMakeFiles/Move-dev.elf.dir/Drivers/STM32F1xx_HAL_Driver/Src/stm32f1xx_hal_cortex.c.obj
 .debug_abbrev  0x0000166e      0x1e6 CMakeFiles/Move-dev.elf.dir/Drivers/STM32F1xx_HAL_Driver/Src/stm32f1xx_hal_gpio.c.obj
 .debug_abbrev  0x00001854      0x27a CMakeFiles/Move-dev.elf.dir/Drivers/STM32F1xx_HAL_Driver/Src/stm32f1xx_hal_rcc.c.obj
 .debug_abbrev  0x00001ace      0x245 CMakeFiles/Move-dev.elf.dir/Drivers/STM32F1xx_HAL_Driver/Src/stm32f1xx_hal_tim.c.obj
 .debug_abbrev  0x00001d13      0x248 CMakeFiles/Move-dev.elf.dir/Drivers/STM32F1xx_HAL_Driver/Src/stm32f1xx_hal_tim_ex.c.obj
 .debug_abbrev  0x00001f5b      0x35b CMakeFiles/Move-dev.elf.dir/Middlewares/Third_Party/FreeRTOS/Source/CMSIS_RTOS/cmsis_os.c.obj
 .debug_abbrev  0x000022b6      0x106 CMakeFiles/Move-dev.elf.dir/Middlewares/Third_Party/FreeRTOS/Source/list.c.obj
 .debug_abbrev  0x000023bc      0x27e CMakeFiles/Move-dev.elf.dir/Middlewares/Third_Party/FreeRTOS/Source/portable/GCC/ARM_CM3/port.c.obj
 .debug_abbrev  0x0000263a      0x24b CMakeFiles/Move-dev.elf.dir/Middlewares/Third_Party/FreeRTOS/Source/portable/MemMang/heap_4.c.obj
 .debug_abbrev  0x00002885      0x313 CMakeFiles/Move-dev.elf.dir/Middlewares/Third_Party/FreeRTOS/Source/tasks.c.obj

.debug_loc      0x00000000     0xbeb7
 .debug_loc     0x00000000      0x1f8 CMakeFiles/Move-dev.elf.dir/Core/BSP/42-dev/Emm_V5.c.obj
 .debug_loc     0x000001f8      0x123 CMakeFiles/Move-dev.elf.dir/Core/BSP/Control/control.c.obj
 .debug_loc     0x0000031b       0xc2 CMakeFiles/Move-dev.elf.dir/Core/BSP/DWT/dwt.c.obj
 .debug_loc     0x000003dd       0x6f CMakeFiles/Move-dev.elf.dir/Core/Src/freertos.c.obj
 .debug_loc     0x0000044c       0x42 CMakeFiles/Move-dev.elf.dir/Core/Src/main.c.obj
 .debug_loc     0x0000048e       0x15 CMakeFiles/Move-dev.elf.dir/Core/Src/stm32f1xx_hal_msp.c.obj
 .debug_loc     0x000004a3       0xd0 CMakeFiles/Move-dev.elf.dir/Core/Src/stm32f1xx_hal_timebase_tim.c.obj
 .debug_loc     0x00000573       0xff CMakeFiles/Move-dev.elf.dir/Core/Src/system_stm32f1xx.c.obj
 .debug_loc     0x00000672       0x67 CMakeFiles/Move-dev.elf.dir/Core/Src/tim.c.obj
 .debug_loc     0x000006d9      0x141 CMakeFiles/Move-dev.elf.dir/Drivers/STM32F1xx_HAL_Driver/Src/stm32f1xx_hal.c.obj
 .debug_loc     0x0000081a      0x71f CMakeFiles/Move-dev.elf.dir/Drivers/STM32F1xx_HAL_Driver/Src/stm32f1xx_hal_cortex.c.obj
 .debug_loc     0x00000f39      0x47d CMakeFiles/Move-dev.elf.dir/Drivers/STM32F1xx_HAL_Driver/Src/stm32f1xx_hal_gpio.c.obj
 .debug_loc     0x000013b6      0x618 CMakeFiles/Move-dev.elf.dir/Drivers/STM32F1xx_HAL_Driver/Src/stm32f1xx_hal_rcc.c.obj
 .debug_loc     0x000019ce     0x5124 CMakeFiles/Move-dev.elf.dir/Drivers/STM32F1xx_HAL_Driver/Src/stm32f1xx_hal_tim.c.obj
 .debug_loc     0x00006af2     0x1c93 CMakeFiles/Move-dev.elf.dir/Drivers/STM32F1xx_HAL_Driver/Src/stm32f1xx_hal_tim_ex.c.obj
 .debug_loc     0x00008785     0x12e6 CMakeFiles/Move-dev.elf.dir/Middlewares/Third_Party/FreeRTOS/Source/CMSIS_RTOS/cmsis_os.c.obj
 .debug_loc     0x00009a6b       0xad CMakeFiles/Move-dev.elf.dir/Middlewares/Third_Party/FreeRTOS/Source/list.c.obj
 .debug_loc     0x00009b18       0xe8 CMakeFiles/Move-dev.elf.dir/Middlewares/Third_Party/FreeRTOS/Source/portable/GCC/ARM_CM3/port.c.obj
 .debug_loc     0x00009c00      0x434 CMakeFiles/Move-dev.elf.dir/Middlewares/Third_Party/FreeRTOS/Source/portable/MemMang/heap_4.c.obj
 .debug_loc     0x0000a034     0x1e83 CMakeFiles/Move-dev.elf.dir/Middlewares/Third_Party/FreeRTOS/Source/tasks.c.obj

.debug_aranges  0x00000000      0xe80
 .debug_aranges
                0x00000000       0x38 CMakeFiles/Move-dev.elf.dir/Core/BSP/42-dev/Emm_V5.c.obj
 .debug_aranges
                0x00000038       0x28 CMakeFiles/Move-dev.elf.dir/Core/BSP/Control/control.c.obj
 .debug_aranges
                0x00000060       0x30 CMakeFiles/Move-dev.elf.dir/Core/BSP/DWT/dwt.c.obj
 .debug_aranges
                0x00000090       0x40 CMakeFiles/Move-dev.elf.dir/Core/Src/freertos.c.obj
 .debug_aranges
                0x000000d0       0x20 CMakeFiles/Move-dev.elf.dir/Core/Src/gpio.c.obj
 .debug_aranges
                0x000000f0       0x38 CMakeFiles/Move-dev.elf.dir/Core/Src/main.c.obj
 .debug_aranges
                0x00000128       0x20 CMakeFiles/Move-dev.elf.dir/Core/Src/stm32f1xx_hal_msp.c.obj
 .debug_aranges
                0x00000148       0x30 CMakeFiles/Move-dev.elf.dir/Core/Src/stm32f1xx_hal_timebase_tim.c.obj
 .debug_aranges
                0x00000178       0x58 CMakeFiles/Move-dev.elf.dir/Core/Src/stm32f1xx_it.c.obj
 .debug_aranges
                0x000001d0       0x28 CMakeFiles/Move-dev.elf.dir/Core/Src/system_stm32f1xx.c.obj
 .debug_aranges
                0x000001f8       0x30 CMakeFiles/Move-dev.elf.dir/Core/Src/tim.c.obj
 .debug_aranges
                0x00000228       0x28 CMakeFiles/Move-dev.elf.dir/Core/Startup/startup_stm32f103c8tx.s.obj
 .debug_aranges
                0x00000250       0xe0 CMakeFiles/Move-dev.elf.dir/Drivers/STM32F1xx_HAL_Driver/Src/stm32f1xx_hal.c.obj
 .debug_aranges
                0x00000330       0x90 CMakeFiles/Move-dev.elf.dir/Drivers/STM32F1xx_HAL_Driver/Src/stm32f1xx_hal_cortex.c.obj
 .debug_aranges
                0x000003c0       0x58 CMakeFiles/Move-dev.elf.dir/Drivers/STM32F1xx_HAL_Driver/Src/stm32f1xx_hal_gpio.c.obj
 .debug_aranges
                0x00000418       0x90 CMakeFiles/Move-dev.elf.dir/Drivers/STM32F1xx_HAL_Driver/Src/stm32f1xx_hal_rcc.c.obj
 .debug_aranges
                0x000004a8      0x3d0 CMakeFiles/Move-dev.elf.dir/Drivers/STM32F1xx_HAL_Driver/Src/stm32f1xx_hal_tim.c.obj
 .debug_aranges
                0x00000878      0x168 CMakeFiles/Move-dev.elf.dir/Drivers/STM32F1xx_HAL_Driver/Src/stm32f1xx_hal_tim_ex.c.obj
 .debug_aranges
                0x000009e0      0x1d8 CMakeFiles/Move-dev.elf.dir/Middlewares/Third_Party/FreeRTOS/Source/CMSIS_RTOS/cmsis_os.c.obj
 .debug_aranges
                0x00000bb8       0x40 CMakeFiles/Move-dev.elf.dir/Middlewares/Third_Party/FreeRTOS/Source/list.c.obj
 .debug_aranges
                0x00000bf8       0x78 CMakeFiles/Move-dev.elf.dir/Middlewares/Third_Party/FreeRTOS/Source/portable/GCC/ARM_CM3/port.c.obj
 .debug_aranges
                0x00000c70       0x58 CMakeFiles/Move-dev.elf.dir/Middlewares/Third_Party/FreeRTOS/Source/portable/MemMang/heap_4.c.obj
 .debug_aranges
                0x00000cc8      0x1b8 CMakeFiles/Move-dev.elf.dir/Middlewares/Third_Party/FreeRTOS/Source/tasks.c.obj

.debug_ranges   0x00000000      0xe70
 .debug_ranges  0x00000000       0x28 CMakeFiles/Move-dev.elf.dir/Core/BSP/42-dev/Emm_V5.c.obj
 .debug_ranges  0x00000028       0x18 CMakeFiles/Move-dev.elf.dir/Core/BSP/Control/control.c.obj
 .debug_ranges  0x00000040       0x20 CMakeFiles/Move-dev.elf.dir/Core/BSP/DWT/dwt.c.obj
 .debug_ranges  0x00000060       0x30 CMakeFiles/Move-dev.elf.dir/Core/Src/freertos.c.obj
 .debug_ranges  0x00000090       0x10 CMakeFiles/Move-dev.elf.dir/Core/Src/gpio.c.obj
 .debug_ranges  0x000000a0       0x28 CMakeFiles/Move-dev.elf.dir/Core/Src/main.c.obj
 .debug_ranges  0x000000c8       0x10 CMakeFiles/Move-dev.elf.dir/Core/Src/stm32f1xx_hal_msp.c.obj
 .debug_ranges  0x000000d8       0x20 CMakeFiles/Move-dev.elf.dir/Core/Src/stm32f1xx_hal_timebase_tim.c.obj
 .debug_ranges  0x000000f8       0x48 CMakeFiles/Move-dev.elf.dir/Core/Src/stm32f1xx_it.c.obj
 .debug_ranges  0x00000140       0x18 CMakeFiles/Move-dev.elf.dir/Core/Src/system_stm32f1xx.c.obj
 .debug_ranges  0x00000158       0x20 CMakeFiles/Move-dev.elf.dir/Core/Src/tim.c.obj
 .debug_ranges  0x00000178       0x20 CMakeFiles/Move-dev.elf.dir/Core/Startup/startup_stm32f103c8tx.s.obj
 .debug_ranges  0x00000198       0xd0 CMakeFiles/Move-dev.elf.dir/Drivers/STM32F1xx_HAL_Driver/Src/stm32f1xx_hal.c.obj
 .debug_ranges  0x00000268       0xe0 CMakeFiles/Move-dev.elf.dir/Drivers/STM32F1xx_HAL_Driver/Src/stm32f1xx_hal_cortex.c.obj
 .debug_ranges  0x00000348       0x48 CMakeFiles/Move-dev.elf.dir/Drivers/STM32F1xx_HAL_Driver/Src/stm32f1xx_hal_gpio.c.obj
 .debug_ranges  0x00000390       0xa0 CMakeFiles/Move-dev.elf.dir/Drivers/STM32F1xx_HAL_Driver/Src/stm32f1xx_hal_rcc.c.obj
 .debug_ranges  0x00000430      0x3c0 CMakeFiles/Move-dev.elf.dir/Drivers/STM32F1xx_HAL_Driver/Src/stm32f1xx_hal_tim.c.obj
 .debug_ranges  0x000007f0      0x158 CMakeFiles/Move-dev.elf.dir/Drivers/STM32F1xx_HAL_Driver/Src/stm32f1xx_hal_tim_ex.c.obj
 .debug_ranges  0x00000948      0x1c8 CMakeFiles/Move-dev.elf.dir/Middlewares/Third_Party/FreeRTOS/Source/CMSIS_RTOS/cmsis_os.c.obj
 .debug_ranges  0x00000b10       0x30 CMakeFiles/Move-dev.elf.dir/Middlewares/Third_Party/FreeRTOS/Source/list.c.obj
 .debug_ranges  0x00000b40       0x68 CMakeFiles/Move-dev.elf.dir/Middlewares/Third_Party/FreeRTOS/Source/portable/GCC/ARM_CM3/port.c.obj
 .debug_ranges  0x00000ba8       0x48 CMakeFiles/Move-dev.elf.dir/Middlewares/Third_Party/FreeRTOS/Source/portable/MemMang/heap_4.c.obj
 .debug_ranges  0x00000bf0      0x280 CMakeFiles/Move-dev.elf.dir/Middlewares/Third_Party/FreeRTOS/Source/tasks.c.obj

.debug_line     0x00000000     0xec80
 .debug_line    0x00000000      0x358 CMakeFiles/Move-dev.elf.dir/Core/BSP/42-dev/Emm_V5.c.obj
 .debug_line    0x00000358      0x2b7 CMakeFiles/Move-dev.elf.dir/Core/BSP/Control/control.c.obj
 .debug_line    0x0000060f      0x297 CMakeFiles/Move-dev.elf.dir/Core/BSP/DWT/dwt.c.obj
 .debug_line    0x000008a6      0x443 CMakeFiles/Move-dev.elf.dir/Core/Src/freertos.c.obj
 .debug_line    0x00000ce9      0x214 CMakeFiles/Move-dev.elf.dir/Core/Src/gpio.c.obj
 .debug_line    0x00000efd      0x415 CMakeFiles/Move-dev.elf.dir/Core/Src/main.c.obj
 .debug_line    0x00001312      0x1d9 CMakeFiles/Move-dev.elf.dir/Core/Src/stm32f1xx_hal_msp.c.obj
 .debug_line    0x000014eb      0x30b CMakeFiles/Move-dev.elf.dir/Core/Src/stm32f1xx_hal_timebase_tim.c.obj
 .debug_line    0x000017f6      0x2d4 CMakeFiles/Move-dev.elf.dir/Core/Src/stm32f1xx_it.c.obj
 .debug_line    0x00001aca      0x24c CMakeFiles/Move-dev.elf.dir/Core/Src/system_stm32f1xx.c.obj
 .debug_line    0x00001d16      0x32e CMakeFiles/Move-dev.elf.dir/Core/Src/tim.c.obj
 .debug_line    0x00002044       0x9d CMakeFiles/Move-dev.elf.dir/Core/Startup/startup_stm32f103c8tx.s.obj
 .debug_line    0x000020e1      0x568 CMakeFiles/Move-dev.elf.dir/Drivers/STM32F1xx_HAL_Driver/Src/stm32f1xx_hal.c.obj
 .debug_line    0x00002649      0x659 CMakeFiles/Move-dev.elf.dir/Drivers/STM32F1xx_HAL_Driver/Src/stm32f1xx_hal_cortex.c.obj
 .debug_line    0x00002ca2      0x601 CMakeFiles/Move-dev.elf.dir/Drivers/STM32F1xx_HAL_Driver/Src/stm32f1xx_hal_gpio.c.obj
 .debug_line    0x000032a3      0xc3e CMakeFiles/Move-dev.elf.dir/Drivers/STM32F1xx_HAL_Driver/Src/stm32f1xx_hal_rcc.c.obj
 .debug_line    0x00003ee1     0x498c CMakeFiles/Move-dev.elf.dir/Drivers/STM32F1xx_HAL_Driver/Src/stm32f1xx_hal_tim.c.obj
 .debug_line    0x0000886d     0x1beb CMakeFiles/Move-dev.elf.dir/Drivers/STM32F1xx_HAL_Driver/Src/stm32f1xx_hal_tim_ex.c.obj
 .debug_line    0x0000a458     0x11df CMakeFiles/Move-dev.elf.dir/Middlewares/Third_Party/FreeRTOS/Source/CMSIS_RTOS/cmsis_os.c.obj
 .debug_line    0x0000b637      0x394 CMakeFiles/Move-dev.elf.dir/Middlewares/Third_Party/FreeRTOS/Source/list.c.obj
 .debug_line    0x0000b9cb      0x645 CMakeFiles/Move-dev.elf.dir/Middlewares/Third_Party/FreeRTOS/Source/portable/GCC/ARM_CM3/port.c.obj
 .debug_line    0x0000c010      0x764 CMakeFiles/Move-dev.elf.dir/Middlewares/Third_Party/FreeRTOS/Source/portable/MemMang/heap_4.c.obj
 .debug_line    0x0000c774     0x250c CMakeFiles/Move-dev.elf.dir/Middlewares/Third_Party/FreeRTOS/Source/tasks.c.obj

.debug_str      0x00000000     0x4ed2
 .debug_str     0x00000000      0x2cd CMakeFiles/Move-dev.elf.dir/Core/BSP/42-dev/Emm_V5.c.obj
                                0x328 (size before relaxing)
 .debug_str     0x000002cd       0x49 CMakeFiles/Move-dev.elf.dir/Core/BSP/Control/control.c.obj
                                0x264 (size before relaxing)
 .debug_str     0x00000316      0x150 CMakeFiles/Move-dev.elf.dir/Core/BSP/DWT/dwt.c.obj
                                0x325 (size before relaxing)
 .debug_str     0x00000466      0x35a CMakeFiles/Move-dev.elf.dir/Core/Src/freertos.c.obj
                                0x5f2 (size before relaxing)
 .debug_str     0x000007c0       0xb7 CMakeFiles/Move-dev.elf.dir/Core/Src/gpio.c.obj
                                0x2a9 (size before relaxing)
 .debug_str     0x00000877      0x66c CMakeFiles/Move-dev.elf.dir/Core/Src/main.c.obj
                                0x890 (size before relaxing)
 .debug_str     0x00000ee3      0x351 CMakeFiles/Move-dev.elf.dir/Core/Src/stm32f1xx_hal_msp.c.obj
                                0x535 (size before relaxing)
 .debug_str     0x00001234      0x133 CMakeFiles/Move-dev.elf.dir/Core/Src/stm32f1xx_hal_timebase_tim.c.obj
                                0xb2e (size before relaxing)
 .debug_str     0x00001367       0xd3 CMakeFiles/Move-dev.elf.dir/Core/Src/stm32f1xx_it.c.obj
                                0x721 (size before relaxing)
 .debug_str     0x0000143a       0x95 CMakeFiles/Move-dev.elf.dir/Core/Src/system_stm32f1xx.c.obj
                                0x280 (size before relaxing)
 .debug_str     0x000014cf      0x155 CMakeFiles/Move-dev.elf.dir/Core/Src/tim.c.obj
                                0xb45 (size before relaxing)
 .debug_str     0x00001624       0x4d CMakeFiles/Move-dev.elf.dir/Core/Startup/startup_stm32f103c8tx.s.obj
                                 0x79 (size before relaxing)
 .debug_str     0x00001671      0x2ca CMakeFiles/Move-dev.elf.dir/Drivers/STM32F1xx_HAL_Driver/Src/stm32f1xx_hal.c.obj
                                0x850 (size before relaxing)
 .debug_str     0x0000193b      0x392 CMakeFiles/Move-dev.elf.dir/Drivers/STM32F1xx_HAL_Driver/Src/stm32f1xx_hal_cortex.c.obj
                                0x8ff (size before relaxing)
 .debug_str     0x00001ccd      0x141 CMakeFiles/Move-dev.elf.dir/Drivers/STM32F1xx_HAL_Driver/Src/stm32f1xx_hal_gpio.c.obj
                                0x42c (size before relaxing)
 .debug_str     0x00001e0e      0x1c1 CMakeFiles/Move-dev.elf.dir/Drivers/STM32F1xx_HAL_Driver/Src/stm32f1xx_hal_rcc.c.obj
                                0x657 (size before relaxing)
 .debug_str     0x00001fcf      0xe62 CMakeFiles/Move-dev.elf.dir/Drivers/STM32F1xx_HAL_Driver/Src/stm32f1xx_hal_tim.c.obj
                               0x167b (size before relaxing)
 .debug_str     0x00002e31      0x53b CMakeFiles/Move-dev.elf.dir/Drivers/STM32F1xx_HAL_Driver/Src/stm32f1xx_hal_tim_ex.c.obj
                                0xe6c (size before relaxing)
 .debug_str     0x0000336c      0xbdc CMakeFiles/Move-dev.elf.dir/Middlewares/Third_Party/FreeRTOS/Source/CMSIS_RTOS/cmsis_os.c.obj
                               0x1068 (size before relaxing)
 .debug_str     0x00003f48      0x150 CMakeFiles/Move-dev.elf.dir/Middlewares/Third_Party/FreeRTOS/Source/list.c.obj
                                0x321 (size before relaxing)
 .debug_str     0x00004098      0x234 CMakeFiles/Move-dev.elf.dir/Middlewares/Third_Party/FreeRTOS/Source/portable/GCC/ARM_CM3/port.c.obj
                                0x48d (size before relaxing)
 .debug_str     0x000042cc      0x2e9 CMakeFiles/Move-dev.elf.dir/Middlewares/Third_Party/FreeRTOS/Source/portable/MemMang/heap_4.c.obj
                                0x52f (size before relaxing)
 .debug_str     0x000045b5      0x91d CMakeFiles/Move-dev.elf.dir/Middlewares/Third_Party/FreeRTOS/Source/tasks.c.obj
                               0x103a (size before relaxing)

.comment        0x00000000       0x49
 .comment       0x00000000       0x49 CMakeFiles/Move-dev.elf.dir/Core/BSP/42-dev/Emm_V5.c.obj
                                 0x4a (size before relaxing)
 .comment       0x00000049       0x4a CMakeFiles/Move-dev.elf.dir/Core/BSP/Control/control.c.obj
 .comment       0x00000049       0x4a CMakeFiles/Move-dev.elf.dir/Core/BSP/DWT/dwt.c.obj
 .comment       0x00000049       0x4a CMakeFiles/Move-dev.elf.dir/Core/Src/freertos.c.obj
 .comment       0x00000049       0x4a CMakeFiles/Move-dev.elf.dir/Core/Src/gpio.c.obj
 .comment       0x00000049       0x4a CMakeFiles/Move-dev.elf.dir/Core/Src/main.c.obj
 .comment       0x00000049       0x4a CMakeFiles/Move-dev.elf.dir/Core/Src/stm32f1xx_hal_msp.c.obj
 .comment       0x00000049       0x4a CMakeFiles/Move-dev.elf.dir/Core/Src/stm32f1xx_hal_timebase_tim.c.obj
 .comment       0x00000049       0x4a CMakeFiles/Move-dev.elf.dir/Core/Src/stm32f1xx_it.c.obj
 .comment       0x00000049       0x4a CMakeFiles/Move-dev.elf.dir/Core/Src/system_stm32f1xx.c.obj
 .comment       0x00000049       0x4a CMakeFiles/Move-dev.elf.dir/Core/Src/tim.c.obj
 .comment       0x00000049       0x4a CMakeFiles/Move-dev.elf.dir/Drivers/STM32F1xx_HAL_Driver/Src/stm32f1xx_hal.c.obj
 .comment       0x00000049       0x4a CMakeFiles/Move-dev.elf.dir/Drivers/STM32F1xx_HAL_Driver/Src/stm32f1xx_hal_cortex.c.obj
 .comment       0x00000049       0x4a CMakeFiles/Move-dev.elf.dir/Drivers/STM32F1xx_HAL_Driver/Src/stm32f1xx_hal_gpio.c.obj
 .comment       0x00000049       0x4a CMakeFiles/Move-dev.elf.dir/Drivers/STM32F1xx_HAL_Driver/Src/stm32f1xx_hal_rcc.c.obj
 .comment       0x00000049       0x4a CMakeFiles/Move-dev.elf.dir/Drivers/STM32F1xx_HAL_Driver/Src/stm32f1xx_hal_tim.c.obj
 .comment       0x00000049       0x4a CMakeFiles/Move-dev.elf.dir/Drivers/STM32F1xx_HAL_Driver/Src/stm32f1xx_hal_tim_ex.c.obj
 .comment       0x00000049       0x4a CMakeFiles/Move-dev.elf.dir/Middlewares/Third_Party/FreeRTOS/Source/CMSIS_RTOS/cmsis_os.c.obj
 .comment       0x00000049       0x4a CMakeFiles/Move-dev.elf.dir/Middlewares/Third_Party/FreeRTOS/Source/list.c.obj
 .comment       0x00000049       0x4a CMakeFiles/Move-dev.elf.dir/Middlewares/Third_Party/FreeRTOS/Source/portable/GCC/ARM_CM3/port.c.obj
 .comment       0x00000049       0x4a CMakeFiles/Move-dev.elf.dir/Middlewares/Third_Party/FreeRTOS/Source/portable/MemMang/heap_4.c.obj
 .comment       0x00000049       0x4a CMakeFiles/Move-dev.elf.dir/Middlewares/Third_Party/FreeRTOS/Source/tasks.c.obj

.debug_frame    0x00000000     0x27bc
 .debug_frame   0x00000000       0x90 CMakeFiles/Move-dev.elf.dir/Core/BSP/42-dev/Emm_V5.c.obj
 .debug_frame   0x00000090       0x30 CMakeFiles/Move-dev.elf.dir/Core/BSP/Control/control.c.obj
 .debug_frame   0x000000c0       0x60 CMakeFiles/Move-dev.elf.dir/Core/BSP/DWT/dwt.c.obj
 .debug_frame   0x00000120       0x88 CMakeFiles/Move-dev.elf.dir/Core/Src/freertos.c.obj
 .debug_frame   0x000001a8       0x38 CMakeFiles/Move-dev.elf.dir/Core/Src/gpio.c.obj
 .debug_frame   0x000001e0       0x70 CMakeFiles/Move-dev.elf.dir/Core/Src/main.c.obj
 .debug_frame   0x00000250       0x2c CMakeFiles/Move-dev.elf.dir/Core/Src/stm32f1xx_hal_msp.c.obj
 .debug_frame   0x0000027c       0x54 CMakeFiles/Move-dev.elf.dir/Core/Src/stm32f1xx_hal_timebase_tim.c.obj
 .debug_frame   0x000002d0       0xa0 CMakeFiles/Move-dev.elf.dir/Core/Src/stm32f1xx_it.c.obj
 .debug_frame   0x00000370       0x30 CMakeFiles/Move-dev.elf.dir/Core/Src/system_stm32f1xx.c.obj
 .debug_frame   0x000003a0       0x64 CMakeFiles/Move-dev.elf.dir/Core/Src/tim.c.obj
 .debug_frame   0x00000404      0x1cc CMakeFiles/Move-dev.elf.dir/Drivers/STM32F1xx_HAL_Driver/Src/stm32f1xx_hal.c.obj
 .debug_frame   0x000005d0      0x118 CMakeFiles/Move-dev.elf.dir/Drivers/STM32F1xx_HAL_Driver/Src/stm32f1xx_hal_cortex.c.obj
 .debug_frame   0x000006e8       0xe4 CMakeFiles/Move-dev.elf.dir/Drivers/STM32F1xx_HAL_Driver/Src/stm32f1xx_hal_gpio.c.obj
 .debug_frame   0x000007cc      0x184 CMakeFiles/Move-dev.elf.dir/Drivers/STM32F1xx_HAL_Driver/Src/stm32f1xx_hal_rcc.c.obj
 .debug_frame   0x00000950      0xb1c CMakeFiles/Move-dev.elf.dir/Drivers/STM32F1xx_HAL_Driver/Src/stm32f1xx_hal_tim.c.obj
 .debug_frame   0x0000146c      0x40c CMakeFiles/Move-dev.elf.dir/Drivers/STM32F1xx_HAL_Driver/Src/stm32f1xx_hal_tim_ex.c.obj
 .debug_frame   0x00001878      0x58c CMakeFiles/Move-dev.elf.dir/Middlewares/Third_Party/FreeRTOS/Source/CMSIS_RTOS/cmsis_os.c.obj
 .debug_frame   0x00001e04       0x70 CMakeFiles/Move-dev.elf.dir/Middlewares/Third_Party/FreeRTOS/Source/list.c.obj
 .debug_frame   0x00001e74       0xf0 CMakeFiles/Move-dev.elf.dir/Middlewares/Third_Party/FreeRTOS/Source/portable/GCC/ARM_CM3/port.c.obj
 .debug_frame   0x00001f64       0xd0 CMakeFiles/Move-dev.elf.dir/Middlewares/Third_Party/FreeRTOS/Source/portable/MemMang/heap_4.c.obj
 .debug_frame   0x00002034      0x59c CMakeFiles/Move-dev.elf.dir/Middlewares/Third_Party/FreeRTOS/Source/tasks.c.obj
 .debug_frame   0x000025d0       0x2c c:/progra~1/stmicr~1/stm32c~1/gcc-ar~1.10/bin/../lib/gcc/arm-none-eabi/10.3.1/../../../../arm-none-eabi/lib/thumb/v7-m/nofp\libg.a(lib_a-init.o)
 .debug_frame   0x000025fc       0x2c c:/progra~1/stmicr~1/stm32c~1/gcc-ar~1.10/bin/../lib/gcc/arm-none-eabi/10.3.1/../../../../arm-none-eabi/lib/thumb/v7-m/nofp\libg.a(lib_a-memset.o)
 .debug_frame   0x00002628       0x5c c:/progra~1/stmicr~1/stm32c~1/gcc-ar~1.10/bin/../lib/gcc/arm-none-eabi/10.3.1/../../../../arm-none-eabi/lib/thumb/v7-m/nofp\libg.a(lib_a-__call_atexit.o)
 .debug_frame   0x00002684       0x20 c:/progra~1/stmicr~1/stm32c~1/gcc-ar~1.10/bin/../lib/gcc/arm-none-eabi/10.3.1/../../../../arm-none-eabi/lib/thumb/v7-m/nofp\libg.a(lib_a-atexit.o)
 .debug_frame   0x000026a4       0x34 c:/progra~1/stmicr~1/stm32c~1/gcc-ar~1.10/bin/../lib/gcc/arm-none-eabi/10.3.1/../../../../arm-none-eabi/lib/thumb/v7-m/nofp\libg.a(lib_a-fini.o)
 .debug_frame   0x000026d8       0xb0 c:/progra~1/stmicr~1/stm32c~1/gcc-ar~1.10/bin/../lib/gcc/arm-none-eabi/10.3.1/../../../../arm-none-eabi/lib/thumb/v7-m/nofp\libg.a(lib_a-lock.o)
 .debug_frame   0x00002788       0x34 c:/progra~1/stmicr~1/stm32c~1/gcc-ar~1.10/bin/../lib/gcc/arm-none-eabi/10.3.1/../../../../arm-none-eabi/lib/thumb/v7-m/nofp\libg.a(lib_a-__atexit.o)
